Archive member included to satisfy reference by file (symbol)

C:/devkitPro/libctru/lib\libcitro2d.a(base.o)
                              main.o (C2D_Init)
C:/devkitPro/libctru/lib\libcitro2d.a(render2d.shbin.o)
                              C:/devkitPro/libctru/lib\libcitro2d.a(base.o) (render2d_shbin)
C:/devkitPro/libctru/lib\libcitro3d.a(base.o)
                              main.o (C3D_Init)
C:/devkitPro/libctru/lib\libcitro3d.a(renderqueue.o)
                              C:/devkitPro/libctru/lib\libcitro3d.a(base.o) (C3Di_RenderQueueEnableVBlank)
C:/devkitPro/libctru/lib\libcitro3d.a(texture.o)
                              C:/devkitPro/libctru/lib\libcitro2d.a(base.o) (C3D_TexBind)
C:/devkitPro/libctru/lib\libcitro3d.a(framebuffer.o)
                              C:/devkitPro/libctru/lib\libcitro3d.a(renderqueue.o) (C3D_CalcColorBufSize)
C:/devkitPro/libctru/lib\libcitro3d.a(texenv.o)
                              C:/devkitPro/libctru/lib\libcitro2d.a(base.o) (C3D_GetTexEnv)
C:/devkitPro/libctru/lib\libcitro3d.a(proctex.o)
                              C:/devkitPro/libctru/lib\libcitro2d.a(base.o) (C3D_ProcTexInit)
C:/devkitPro/libctru/lib\libcitro3d.a(buffers.o)
                              C:/devkitPro/libctru/lib\libcitro2d.a(base.o) (BufInfo_Init)
C:/devkitPro/libctru/lib\libcitro3d.a(drawArrays.o)
                              C:/devkitPro/libctru/lib\libcitro2d.a(base.o) (C3D_DrawArrays)
C:/devkitPro/libctru/lib\libcitro3d.a(effect.o)
                              C:/devkitPro/libctru/lib\libcitro3d.a(base.o) (C3D_DepthMap)
C:/devkitPro/libctru/lib\libcitro3d.a(attribs.o)
                              C:/devkitPro/libctru/lib\libcitro2d.a(base.o) (AttrInfo_Init)
C:/devkitPro/libctru/lib\libcitro3d.a(immediate.o)
                              C:/devkitPro/libctru/lib\libcitro3d.a(base.o) (C3D_ImmSendAttrib)
C:/devkitPro/libctru/lib\libcitro3d.a(uniforms.o)
                              C:/devkitPro/libctru/lib\libcitro3d.a(base.o) (C3D_UpdateUniforms)
C:/devkitPro/libctru/lib\libcitro3d.a(mtx_ortho.o)
                              C:/devkitPro/libctru/lib\libcitro2d.a(base.o) (Mtx_Ortho)
C:/devkitPro/libctru/lib\libcitro3d.a(mtx_scale.o)
                              C:/devkitPro/libctru/lib\libcitro2d.a(base.o) (Mtx_Scale)
C:/devkitPro/libctru/lib\libcitro3d.a(mtx_multiply.o)
                              C:/devkitPro/libctru/lib\libcitro2d.a(base.o) (Mtx_Multiply)
C:/devkitPro/libctru/lib\libcitro3d.a(mtx_orthotilt.o)
                              C:/devkitPro/libctru/lib\libcitro2d.a(base.o) (Mtx_OrthoTilt)
C:/devkitPro/libctru/lib\libcitro3d.a(mtx_translate.o)
                              C:/devkitPro/libctru/lib\libcitro2d.a(base.o) (Mtx_Translate)
C:/devkitPro/libctru/lib\libcitro3d.a(mtx_rotatez.o)
                              C:/devkitPro/libctru/lib\libcitro2d.a(base.o) (Mtx_RotateZ)
C:/devkitPro/libctru/lib\libctru.a(vram.o)
                              C:/devkitPro/libctru/lib\libcitro3d.a(renderqueue.o) (vramAlloc)
C:/devkitPro/libctru/lib\libctru.a(linear.o)
                              C:/devkitPro/libctru/lib\libcitro2d.a(base.o) (linearAlloc)
C:/devkitPro/libctru/lib\libctru.a(mem_pool.o)
                              C:/devkitPro/libctru/lib\libctru.a(vram.o) (MemPool::Allocate(MemChunk&, unsigned long, int))
C:/devkitPro/libctru/lib\libctru.a(os.o)
                              C:/devkitPro/libctru/lib\libcitro3d.a(texture.o) (osConvertVirtToPhys)
C:/devkitPro/libctru/lib\libctru.a(console.o)
                              main.o (consoleInit)
C:/devkitPro/libctru/lib\libctru.a(gfx.o)
                              C:/devkitPro/libctru/lib\libcitro2d.a(base.o) (gfxIsWide)
C:/devkitPro/libctru/lib\libctru.a(shaderProgram.o)
                              C:/devkitPro/libctru/lib\libcitro2d.a(base.o) (shaderInstanceGetUniformLocation)
C:/devkitPro/libctru/lib\libctru.a(shbin.o)
                              C:/devkitPro/libctru/lib\libcitro2d.a(base.o) (DVLB_ParseFile)
C:/devkitPro/libctru/lib\libctru.a(gx.o)
                              C:/devkitPro/libctru/lib\libcitro3d.a(renderqueue.o) (GX_BindQueue)
C:/devkitPro/libctru/lib\libctru.a(gxqueue.o)
                              C:/devkitPro/libctru/lib\libcitro3d.a(renderqueue.o) (gxCmdQueueClear)
C:/devkitPro/libctru/lib\libctru.a(gpu.o)
                              C:/devkitPro/libctru/lib\libcitro3d.a(base.o) (GPUCMD_Add)
C:/devkitPro/libctru/lib\libctru.a(gspgpu.o)
                              C:/devkitPro/libctru/lib\libctru.a(gfx.o) (gspInit)
C:/devkitPro/libctru/lib\libctru.a(apt.o)
                              C:/devkitPro/libctru/lib\libcitro3d.a(base.o) (aptHook)
C:/devkitPro/libctru/lib\libctru.a(hid.o)
                              main.o (hidScanInput)
C:/devkitPro/libctru/lib\libctru.a(ptmsysm.o)
                              C:/devkitPro/libctru/lib\libctru.a(os.o) (ptmSysmInit)
C:/devkitPro/libctru/lib\libctru.a(rbtree_init.o)
[...]
Memory Configuration

Name             Origin             Length             Attributes
*default*        0x0000000000000000 0xffffffffffffffff

Linker script and memory map

                0x0000000000100000                PROVIDE (__start__ = 0x100000)
                0x0000000000100000                . = __start__

.text           0x0000000000100000    0x27d8c
 *(.crt0)
 .crt0          0x0000000000100000       0x94 c:/devkitpro/devkitarm/bin/../lib/gcc/arm-none-eabi/10.2.0/../../../../arm-none-eabi/lib/armv6k/fpu/3dsx_crt0.o
                0x0000000000100000                _start
                0x0000000000100008                __service_ptr
                0x000000000010000c                __apt_appid
                0x0000000000100010                __heap_size
                0x0000000000100014                __linear_heap_size
                0x0000000000100018                __system_arglist
                0x000000000010001c                __system_runflags
 *(.init)
 .init          0x0000000000100094        0xc c:/devkitpro/devkitarm/bin/../lib/gcc/arm-none-eabi/10.2.0/armv6k/fpu/crti.o
                0x0000000000100094                _init
 .init          0x00000000001000a0        0xc c:/devkitpro/devkitarm/bin/../lib/gcc/arm-none-eabi/10.2.0/armv6k/fpu/crtn.o
                0x00000000001000ac                . = ALIGN (0x4)
 *(.text)
 .text          0x00000000001000ac      0x240 c:/devkitpro/devkitarm/bin/../lib/gcc/arm-none-eabi/10.2.0/armv6k/fpu\libgcc.a(_divsi3.o)
                0x00000000001000ac                __divsi3
                0x00000000001000ac                __aeabi_idiv
                0x00000000001002cc                __aeabi_idivmod
 .text          0x00000000001002ec        0x4 c:/devkitpro/devkitarm/bin/../lib/gcc/arm-none-eabi/10.2.0/armv6k/fpu\libgcc.a(_dvmd_tls.o)
                0x00000000001002ec                __aeabi_idiv0
                0x00000000001002ec                __aeabi_ldiv0
 .text          0x00000000001002f0      0x3c0 c:/devkitpro/devkitarm/bin/../lib/gcc/arm-none-eabi/10.2.0/armv6k/fpu\libgcc.a(_arm_addsubdf3.o)
                0x00000000001002f0                __aeabi_drsub
                0x00000000001002f8                __aeabi_dsub
                0x00000000001002f8                __subdf3
                0x00000000001002fc                __aeabi_dadd
                0x00000000001002fc                __adddf3
                0x00000000001005a8                __floatunsidf
                0x00000000001005a8                __aeabi_ui2d
                0x00000000001005cc                __floatsidf
                0x00000000001005cc                __aeabi_i2d
                0x00000000001005f4                __aeabi_f2d
                0x00000000001005f4                __extendsfdf2
                0x000000000010063c                __floatundidf
                0x000000000010063c                __aeabi_ul2d
                0x0000000000100650                __floatdidf
                0x0000000000100650                __aeabi_l2d
 .text          0x00000000001006b0       0xd4 c:/devkitpro/devkitarm/bin/../lib/gcc/arm-none-eabi/10.2.0/armv6k/fpu\libgcc.a(_aeabi_ldivmod.o)
                0x00000000001006b0                __aeabi_ldivmod
 .text          0x0000000000100784       0x3c c:/devkitpro/devkitarm/bin/../lib/gcc/arm-none-eabi/10.2.0/armv6k/fpu\libgcc.a(_aeabi_uldivmod.o)
                0x0000000000100784                __aeabi_uldivmod
 .text          0x00000000001007c0      0x390 c:/devkitpro/devkitarm/bin/../lib/gcc/arm-none-eabi/10.2.0/../../../../arm-none-eabi/lib/armv6k/fpu\libg.a(lib_a-strcmp.o)
                0x00000000001007c8                strcmp
 .text          0x0000000000100b50      0x20c c:/devkitpro/devkitarm/bin/../lib/gcc/arm-none-eabi/10.2.0/armv6k/fpu\libgcc.a(_udivsi3.o)
                0x0000000000100b50                __aeabi_uidiv
                0x0000000000100b50                __udivsi3
                0x0000000000100d3c                __aeabi_uidivmod
 *(.text.*)
 .text.__do_global_dtors_aux
                0x0000000000100d5c       0x40 c:/devkitpro/devkitarm/bin/../lib/gcc/arm-none-eabi/10.2.0/armv6k/fpu/crtbegin.o
 .text.frame_dummy
                0x0000000000100d9c       0x2c c:/devkitpro/devkitarm/bin/../lib/gcc/arm-none-eabi/10.2.0/armv6k/fpu/crtbegin.o
 .text.drawBranch
                0x0000000000100dc8      0x108 main.o
                0x0000000000100dc8                drawBranch
 .text.startup.main
                0x0000000000100ed0      0x444 main.o
                0x0000000000100ed0                main
 .text.C2Di_FrameEndHook
                0x0000000000101314       0x34 C:/devkitPro/libctru/lib\libcitro2d.a(base.o)
 .text.C2D_Init
                0x0000000000101348      0x330 C:/devkitPro/libctru/lib\libcitro2d.a(base.o)
                0x0000000000101348                C2D_Init
 .text.C2D_Fini
                0x0000000000101678       0x44 C:/devkitPro/libctru/lib\libcitro2d.a(base.o)
                0x0000000000101678                C2D_Fini
 .text.C2D_Prepare
                0x00000000001016bc       0xd0 C:/devkitPro/libctru/lib\libcitro2d.a(base.o)
                0x00000000001016bc                C2D_Prepare
 .text.C2D_Flush
                0x000000000010178c       0x3c C:/devkitPro/libctru/lib\libcitro2d.a(base.o)
                0x000000000010178c                C2D_Flush
 .text.C2D_SceneSize
                0x00000000001017c8      0x108 C:/devkitPro/libctru/lib\libcitro2d.a(base.o)
                0x00000000001017c8                C2D_SceneSize
 .text.C2D_CreateScreenTarget
                0x00000000001018d0       0x58 C:/devkitPro/libctru/lib\libcitro2d.a(base.o)
                0x00000000001018d0                C2D_CreateScreenTarget
 .text.C2D_TargetClear
                0x0000000000101928       0x58 C:/devkitPro/libctru/lib\libcitro2d.a(base.o)
                0x0000000000101928                C2D_TargetClear
 .text.C2Di_Update
                0x0000000000101980      0x22c C:/devkitPro/libctru/lib\libcitro2d.a(base.o)
                0x0000000000101980                C2Di_Update
 .text.C2D_DrawLine
                0x0000000000101bac      0x220 C:/devkitPro/libctru/lib\libcitro2d.a(base.o)
                0x0000000000101bac                C2D_DrawLine
 .text.C3Di_LightEnvUpdate
                0x0000000000101dcc        0x4 C:/devkitPro/libctru/lib\libcitro3d.a(base.o)
                0x0000000000101dcc                C3Di_LightEnvUpdate
 .text.C3Di_LightEnvDirty
                0x0000000000101dd0        0x4 C:/devkitPro/libctru/lib\libcitro3d.a(base.o)
                0x0000000000101dd0                C3Di_LightEnvDirty
 .text.C3Di_AptEventHook
                0x0000000000101dd4       0xb4 C:/devkitPro/libctru/lib\libcitro3d.a(base.o)
 .text.C3Di_GasUpdate
                0x0000000000101e88        0x4 C:/devkitPro/libctru/lib\libcitro3d.a(base.o)
                0x0000000000101e88                C3Di_GasUpdate
 .text.C3D_Init
                0x0000000000101e8c      0x1e0 C:/devkitPro/libctru/lib\libcitro3d.a(base.o)
                0x0000000000101e8c                C3D_Init
 .text.C3D_SetViewport
                0x000000000010206c       0x98 C:/devkitPro/libctru/lib\libcitro3d.a(base.o)
                0x000000000010206c                C3D_SetViewport
 .text.C3Di_UpdateContext
                0x0000000000102104      0x4ec C:/devkitPro/libctru/lib\libcitro3d.a(base.o)
                0x0000000000102104                C3Di_UpdateContext
 .text.C3Di_SplitFrame
                0x00000000001025f0       0xe0 C:/devkitPro/libctru/lib\libcitro3d.a(base.o)
                0x00000000001025f0                C3Di_SplitFrame
 .text.C3D_Fini
                0x00000000001026d0       0x44 C:/devkitPro/libctru/lib\libcitro3d.a(base.o)
                0x00000000001026d0                C3D_Fini
 .text.C3D_BindProgram
                0x0000000000102714      0x108 C:/devkitPro/libctru/lib\libcitro3d.a(base.o)
                0x0000000000102714                C3D_BindProgram
 .text.onVBlank0
                0x000000000010281c       0x4c C:/devkitPro/libctru/lib\libcitro3d.a(renderqueue.o)
 .text.onVBlank1
                0x0000000000102868       0x4c C:/devkitPro/libctru/lib\libcitro3d.a(renderqueue.o)
 .text.C3Di_RenderTargetDestroy
                0x00000000001028b4       0x80 C:/devkitPro/libctru/lib\libcitro3d.a(renderqueue.o)
 .text.onQueueFinish
                0x0000000000102934       0xf4 C:/devkitPro/libctru/lib\libcitro3d.a(renderqueue.o)
 .text.C3Di_RenderQueueEnableVBlank
                0x0000000000102a28       0x38 C:/devkitPro/libctru/lib\libcitro3d.a(renderqueue.o)
                0x0000000000102a28                C3Di_RenderQueueEnableVBlank
 .text.C3Di_RenderQueueDisableVBlank
                0x0000000000102a60       0x30 C:/devkitPro/libctru/lib\libcitro3d.a(renderqueue.o)
                0x0000000000102a60                C3Di_RenderQueueDisableVBlank
 .text.C3Di_RenderQueueInit
                0x0000000000102a90       0x60 C:/devkitPro/libctru/lib\libcitro3d.a(renderqueue.o)
                0x0000000000102a90                C3Di_RenderQueueInit
 .text.C3Di_RenderQueueExit
                0x0000000000102af0       0xb0 C:/devkitPro/libctru/lib\libcitro3d.a(renderqueue.o)
                0x0000000000102af0                C3Di_RenderQueueExit
 .text.C3Di_RenderQueueWaitDone
                0x0000000000102ba0       0x34 C:/devkitPro/libctru/lib\libcitro3d.a(renderqueue.o)
                0x0000000000102ba0                C3Di_RenderQueueWaitDone
 .text.C3D_FrameBegin
                0x0000000000102bd4       0xe4 C:/devkitPro/libctru/lib\libcitro3d.a(renderqueue.o)
                0x0000000000102bd4                C3D_FrameBegin
 .text.C3D_FrameDrawOn
                0x0000000000102cb8       0x48 C:/devkitPro/libctru/lib\libcitro3d.a(renderqueue.o)
                0x0000000000102cb8                C3D_FrameDrawOn
 .text.C3D_FrameSplit
                0x0000000000102d00       0x58 C:/devkitPro/libctru/lib\libcitro3d.a(renderqueue.o)
                0x0000000000102d00                C3D_FrameSplit
 .text.C3D_FrameEnd
                0x0000000000102d58      0x1d8 C:/devkitPro/libctru/lib\libcitro3d.a(renderqueue.o)
                0x0000000000102d58                C3D_FrameEnd
 .text.C3D_FrameEndHook
                0x0000000000102f30       0x1c C:/devkitPro/libctru/lib\libcitro3d.a(renderqueue.o)
                0x0000000000102f30                C3D_FrameEndHook
 .text.C3D_RenderTargetCreate
                0x0000000000102f4c      0x128 C:/devkitPro/libctru/lib\libcitro3d.a(renderqueue.o)
                0x0000000000102f4c                C3D_RenderTargetCreate
 .text.C3D_RenderTargetSetOutput
                0x0000000000103074       0xa8 C:/devkitPro/libctru/lib\libcitro3d.a(renderqueue.o)
                0x0000000000103074                C3D_RenderTargetSetOutput
 .text.C3D_TexBind
                0x000000000010311c       0x44 C:/devkitPro/libctru/lib\libcitro3d.a(texture.o)
                0x000000000010311c                C3D_TexBind
 .text.C3Di_SetTex
                0x0000000000103160      0x16c C:/devkitPro/libctru/lib\libcitro3d.a(texture.o)
                0x0000000000103160                C3Di_SetTex
 .text.C3D_CalcColorBufSize
                0x00000000001032cc       0x1c C:/devkitPro/libctru/lib\libcitro3d.a(framebuffer.o)
                0x00000000001032cc                C3D_CalcColorBufSize
 .text.C3D_CalcDepthBufSize
                0x00000000001032e8       0x1c C:/devkitPro/libctru/lib\libcitro3d.a(framebuffer.o)
                0x00000000001032e8                C3D_CalcDepthBufSize
 .text.C3D_SetFrameBuf
                0x0000000000103304       0x44 C:/devkitPro/libctru/lib\libcitro3d.a(framebuffer.o)
                0x0000000000103304                C3D_SetFrameBuf
 .text.C3Di_FrameBufBind
                0x0000000000103348      0x16c C:/devkitPro/libctru/lib\libcitro3d.a(framebuffer.o)
                0x0000000000103348                C3Di_FrameBufBind
 .text.C3D_FrameBufClear
                0x00000000001034b4       0xcc C:/devkitPro/libctru/lib\libcitro3d.a(framebuffer.o)
                0x00000000001034b4                C3D_FrameBufClear
 .text.C3D_FrameBufTransfer
                0x0000000000103580       0x44 C:/devkitPro/libctru/lib\libcitro3d.a(framebuffer.o)
                0x0000000000103580                C3D_FrameBufTransfer
 .text.C3D_GetTexEnv
                0x00000000001035c4       0x34 C:/devkitPro/libctru/lib\libcitro3d.a(texenv.o)
                0x00000000001035c4                C3D_GetTexEnv
 .text.C3Di_TexEnvBind
                0x00000000001035f8       0x24 C:/devkitPro/libctru/lib\libcitro3d.a(texenv.o)
                0x00000000001035f8                C3Di_TexEnvBind
 .text.C3D_ProcTexInit
                0x000000000010361c       0x70 C:/devkitPro/libctru/lib\libcitro3d.a(proctex.o)
                0x000000000010361c                C3D_ProcTexInit
 .text.C3D_ProcTexBind
                0x000000000010368c       0x54 C:/devkitPro/libctru/lib\libcitro3d.a(proctex.o)
                0x000000000010368c                C3D_ProcTexBind
 .text.C3D_ProcTexLutBind
                0x00000000001036e0       0x5c C:/devkitPro/libctru/lib\libcitro3d.a(proctex.o)
                0x00000000001036e0                C3D_ProcTexLutBind
 .text.ProcTexLut_FromArray
                0x000000000010373c       0xa4 C:/devkitPro/libctru/lib\libcitro3d.a(proctex.o)
                0x000000000010373c                ProcTexLut_FromArray
 .text.C3Di_ProcTexUpdate
                0x00000000001037e0      0x17c C:/devkitPro/libctru/lib\libcitro3d.a(proctex.o)
                0x00000000001037e0                C3Di_ProcTexUpdate
 .text.C3Di_ProcTexDirty
                0x000000000010395c       0x68 C:/devkitPro/libctru/lib\libcitro3d.a(proctex.o)
                0x000000000010395c                C3Di_ProcTexDirty
 .text.BufInfo_Init
                0x00000000001039c4       0x24 C:/devkitPro/libctru/lib\libcitro3d.a(buffers.o)
                0x00000000001039c4                BufInfo_Init
 .text.BufInfo_Add
                0x00000000001039e8       0x80 C:/devkitPro/libctru/lib\libcitro3d.a(buffers.o)
                0x00000000001039e8                BufInfo_Add
 .text.C3D_SetBufInfo
                0x0000000000103a68       0x40 C:/devkitPro/libctru/lib\libcitro3d.a(buffers.o)
                0x0000000000103a68                C3D_SetBufInfo
 .text.C3Di_BufInfoBind
                0x0000000000103aa8       0x48 C:/devkitPro/libctru/lib\libcitro3d.a(buffers.o)
                0x0000000000103aa8                C3Di_BufInfoBind
 .text.C3D_DrawArrays
                0x0000000000103af0      0x148 C:/devkitPro/libctru/lib\libcitro3d.a(drawArrays.o)
                0x0000000000103af0                C3D_DrawArrays
 .text.C3D_DepthMap
                0x0000000000103c38       0x40 C:/devkitPro/libctru/lib\libcitro3d.a(effect.o)
                0x0000000000103c38                C3D_DepthMap
 .text.C3D_CullFace
                0x0000000000103c78       0x1c C:/devkitPro/libctru/lib\libcitro3d.a(effect.o)
                0x0000000000103c78                C3D_CullFace
 .text.C3D_StencilTest
                0x0000000000103c94       0x40 C:/devkitPro/libctru/lib\libcitro3d.a(effect.o)
                0x0000000000103c94                C3D_StencilTest
 .text.C3D_StencilOp
                0x0000000000103cd4       0x24 C:/devkitPro/libctru/lib\libcitro3d.a(effect.o)
                0x0000000000103cd4                C3D_StencilOp
 .text.C3D_BlendingColor
                0x0000000000103cf8       0x1c C:/devkitPro/libctru/lib\libcitro3d.a(effect.o)
                0x0000000000103cf8                C3D_BlendingColor
 .text.C3D_EarlyDepthTest
                0x0000000000103d14       0x24 C:/devkitPro/libctru/lib\libcitro3d.a(effect.o)
                0x0000000000103d14                C3D_EarlyDepthTest
 .text.C3D_DepthTest
                0x0000000000103d38       0x2c C:/devkitPro/libctru/lib\libcitro3d.a(effect.o)
                0x0000000000103d38                C3D_DepthTest
 .text.C3D_AlphaTest
                0x0000000000103d64       0x2c C:/devkitPro/libctru/lib\libcitro3d.a(effect.o)
                0x0000000000103d64                C3D_AlphaTest
 .text.C3D_AlphaBlend
                0x0000000000103d90       0x50 C:/devkitPro/libctru/lib\libcitro3d.a(effect.o)
                0x0000000000103d90                C3D_AlphaBlend
 .text.C3D_FragOpMode
                0x0000000000103de0       0x30 C:/devkitPro/libctru/lib\libcitro3d.a(effect.o)
                0x0000000000103de0                C3D_FragOpMode
 .text.C3D_FragOpShadow
                0x0000000000103e10       0x44 C:/devkitPro/libctru/lib\libcitro3d.a(effect.o)
                0x0000000000103e10                C3D_FragOpShadow
 .text.C3Di_EffectBind
                0x0000000000103e54      0x1ac C:/devkitPro/libctru/lib\libcitro3d.a(effect.o)
                0x0000000000103e54                C3Di_EffectBind
 .text.AttrInfo_Init
                0x0000000000104000       0x28 C:/devkitPro/libctru/lib\libcitro3d.a(attribs.o)
                0x0000000000104000                AttrInfo_Init
 .text.AttrInfo_AddLoader
                0x0000000000104028       0x98 C:/devkitPro/libctru/lib\libcitro3d.a(attribs.o)
                0x0000000000104028                AttrInfo_AddLoader
 .text.C3D_SetAttrInfo
                0x00000000001040c0       0x54 C:/devkitPro/libctru/lib\libcitro3d.a(attribs.o)
                0x00000000001040c0                C3D_SetAttrInfo
 .text.C3Di_AttrInfoBind
                0x0000000000104114       0x80 C:/devkitPro/libctru/lib\libcitro3d.a(attribs.o)
                0x0000000000104114                C3Di_AttrInfoBind
 .text.C3D_ImmSendAttrib
                0x0000000000104194       0xa8 C:/devkitPro/libctru/lib\libcitro3d.a(immediate.o)
                0x0000000000104194                C3D_ImmSendAttrib
 .text.C3D_UpdateUniforms
                0x000000000010423c      0x29c C:/devkitPro/libctru/lib\libcitro3d.a(uniforms.o)
                0x000000000010423c                C3D_UpdateUniforms
 .text.C3Di_DirtyUniforms
                0x00000000001044d8       0xc0 C:/devkitPro/libctru/lib\libcitro3d.a(uniforms.o)
                0x00000000001044d8                C3Di_DirtyUniforms
 .text.C3Di_LoadShaderUniforms
                0x0000000000104598       0xd8 C:/devkitPro/libctru/lib\libcitro3d.a(uniforms.o)
                0x0000000000104598                C3Di_LoadShaderUniforms
 .text.C3Di_ClearShaderUniforms
                0x0000000000104670       0x28 C:/devkitPro/libctru/lib\libcitro3d.a(uniforms.o)
                0x0000000000104670                C3Di_ClearShaderUniforms
 .text.Mtx_Ortho
                0x0000000000104698       0xcc C:/devkitPro/libctru/lib\libcitro3d.a(mtx_ortho.o)
                0x0000000000104698                Mtx_Ortho
 .text.Mtx_OrthoTilt
                0x0000000000104764       0xcc C:/devkitPro/libctru/lib\libcitro3d.a(mtx_orthotilt.o)
                0x0000000000104764                Mtx_OrthoTilt
 .text._ZL21addrMapNodeComparatorPK11rbtree_nodeS1_
                0x0000000000104830       0x24 C:/devkitPro/libctru/lib\libctru.a(vram.o)
 .text._ZL21addrMapNodeDestructorP11rbtree_node
                0x0000000000104854        0x4 C:/devkitPro/libctru/lib\libctru.a(vram.o)
 .text.vramMemAlign
                0x0000000000104858      0x114 C:/devkitPro/libctru/lib\libctru.a(vram.o)
                0x0000000000104858                vramMemAlign
 .text.vramAlloc
                0x000000000010496c        0x8 C:/devkitPro/libctru/lib\libctru.a(vram.o)
                0x000000000010496c                vramAlloc
 .text.vramFree
                0x0000000000104974       0x5c C:/devkitPro/libctru/lib\libctru.a(vram.o)
                0x0000000000104974                vramFree
 .text._ZL21addrMapNodeComparatorPK11rbtree_nodeS1_
                0x00000000001049d0       0x24 C:/devkitPro/libctru/lib\libctru.a(linear.o)
 .text._ZL21addrMapNodeDestructorP11rbtree_node
                0x00000000001049f4        0x4 C:/devkitPro/libctru/lib\libctru.a(linear.o)
 .text.linearMemAlign
                0x00000000001049f8      0x120 C:/devkitPro/libctru/lib\libctru.a(linear.o)
                0x00000000001049f8                linearMemAlign
 .text.linearAlloc
                0x0000000000104b18        0x8 C:/devkitPro/libctru/lib\libctru.a(linear.o)
                0x0000000000104b18                linearAlloc
 .text.linearFree
                0x0000000000104b20       0x5c C:/devkitPro/libctru/lib\libctru.a(linear.o)
                0x0000000000104b20                linearFree
 .text._ZN7MemPool13CoalesceRightEP8MemBlock
                0x0000000000104b7c       0x84 C:/devkitPro/libctru/lib\libctru.a(mem_pool.o)
                0x0000000000104b7c                MemPool::CoalesceRight(MemBlock*)
 .text._ZN7MemPool8AllocateER8MemChunkmi
                0x0000000000104c00      0x170 C:/devkitPro/libctru/lib\libctru.a(mem_pool.o)
                0x0000000000104c00                MemPool::Allocate(MemChunk&, unsigned long, int)
 .text._ZN7MemPool10DeallocateERK8MemChunk
                0x0000000000104d70       0xfc C:/devkitPro/libctru/lib\libctru.a(mem_pool.o)
                0x0000000000104d70                MemPool::Deallocate(MemChunk const&)
 .text.osConvertVirtToPhys
                0x0000000000104e6c       0x74 C:/devkitPro/libctru/lib\libctru.a(os.o)
                0x0000000000104e6c                osConvertVirtToPhys
 .text.osGetTimeRef
                0x0000000000104ee0       0x54 C:/devkitPro/libctru/lib\libctru.a(os.o)
                0x0000000000104ee0                osGetTimeRef
 .text.osGetTime
                0x0000000000104f34       0xe4 C:/devkitPro/libctru/lib\libctru.a(os.o)
                0x0000000000104f34                osGetTime
 .text.__libctru_gtod
                0x0000000000105018       0x74 C:/devkitPro/libctru/lib\libctru.a(os.o)
                0x0000000000105018                __libctru_gtod
 .text.__ctru_speedup_config
                0x000000000010508c       0x34 C:/devkitPro/libctru/lib\libctru.a(os.o)
                0x000000000010508c                __ctru_speedup_config
 .text.consoleDrawChar
                0x00000000001050c0      0x178 C:/devkitPro/libctru/lib\libctru.a(console.o)
                0x00000000001050c0                consoleDrawChar
 .text.consolePrintChar
                0x0000000000105238      0x124 C:/devkitPro/libctru/lib\libctru.a(console.o)
                0x0000000000105238                consolePrintChar
 .text.con_write
                0x000000000010535c      0xa00 C:/devkitPro/libctru/lib\libctru.a(console.o)
                0x000000000010535c                con_write
 .text.consoleInit
                0x0000000000105d5c      0x168 C:/devkitPro/libctru/lib\libctru.a(console.o)
                0x0000000000105d5c                consoleInit
 .text.newRow   0x0000000000105ec4       0xf4 C:/devkitPro/libctru/lib\libctru.a(console.o)
 .text.gfxPresentFramebuffer
                0x0000000000105fb8       0xd0 C:/devkitPro/libctru/lib\libctru.a(gfx.o)
 .text.gfxIsWide
                0x0000000000106088       0x1c C:/devkitPro/libctru/lib\libctru.a(gfx.o)
                0x0000000000106088                gfxIsWide
 .text.gfxSetScreenFormat
                0x00000000001060a4       0xec C:/devkitPro/libctru/lib\libctru.a(gfx.o)
                0x00000000001060a4                gfxSetScreenFormat
 .text.gfxSetDoubleBuffering
                0x0000000000106190       0x10 C:/devkitPro/libctru/lib\libctru.a(gfx.o)
                0x0000000000106190                gfxSetDoubleBuffering
 .text.gfxInit  0x00000000001061a0      0x108 C:/devkitPro/libctru/lib\libctru.a(gfx.o)
                0x00000000001061a0                gfxInit
 .text.gfxInitDefault
                0x00000000001062a8       0x10 C:/devkitPro/libctru/lib\libctru.a(gfx.o)
                0x00000000001062a8                gfxInitDefault
 .text.gfxExit  0x00000000001062b8       0xb4 C:/devkitPro/libctru/lib\libctru.a(gfx.o)
                0x00000000001062b8                gfxExit
 .text.gfxGetFramebuffer
                0x000000000010636c       0xa0 C:/devkitPro/libctru/lib\libctru.a(gfx.o)
                0x000000000010636c                gfxGetFramebuffer
 .text.gfxFlushBuffers
                0x000000000010640c      0x10c C:/devkitPro/libctru/lib\libctru.a(gfx.o)
                0x000000000010640c                gfxFlushBuffers
 .text.gfxScreenSwapBuffers
                0x0000000000106518       0x30 C:/devkitPro/libctru/lib\libctru.a(gfx.o)
                0x0000000000106518                gfxScreenSwapBuffers
 .text.gfxSwapBuffersGpu
                0x0000000000106548       0x50 C:/devkitPro/libctru/lib\libctru.a(gfx.o)
                0x0000000000106548                gfxSwapBuffersGpu
 .text.shaderInstanceInit
                0x0000000000106598      0x1e0 C:/devkitPro/libctru/lib\libctru.a(shaderProgram.o)
                0x0000000000106598                shaderInstanceInit
 .text.shaderInstanceGetUniformLocation
                0x0000000000106778       0x18 C:/devkitPro/libctru/lib\libctru.a(shaderProgram.o)
                0x0000000000106778                shaderInstanceGetUniformLocation
 .text.shaderProgramInit
                0x0000000000106790       0x1c C:/devkitPro/libctru/lib\libctru.a(shaderProgram.o)
                0x0000000000106790                shaderProgramInit
 .text.shaderProgramFree
                0x00000000001067ac       0x64 C:/devkitPro/libctru/lib\libctru.a(shaderProgram.o)
                0x00000000001067ac                shaderProgramFree
 .text.shaderProgramSetVsh
                0x0000000000106810       0x80 C:/devkitPro/libctru/lib\libctru.a(shaderProgram.o)
                0x0000000000106810                shaderProgramSetVsh
 .text.shaderProgramConfigure
                0x0000000000106890      0x8c0 C:/devkitPro/libctru/lib\libctru.a(shaderProgram.o)
                0x0000000000106890                shaderProgramConfigure
 .text.DVLE_GenerateOutmap.part.0
                0x0000000000107150      0x1f8 C:/devkitPro/libctru/lib\libctru.a(shbin.o)
 .text.DVLB_ParseFile
                0x0000000000107348      0x1cc C:/devkitPro/libctru/lib\libctru.a(shbin.o)
                0x0000000000107348                DVLB_ParseFile
 .text.DVLB_Free
                0x0000000000107514       0x38 C:/devkitPro/libctru/lib\libctru.a(shbin.o)
                0x0000000000107514                DVLB_Free
 .text.DVLE_GetUniformRegister
                0x000000000010754c       0x74 C:/devkitPro/libctru/lib\libctru.a(shbin.o)
                0x000000000010754c                DVLE_GetUniformRegister
 .text.GX_BindQueue
                0x00000000001075c0       0x10 C:/devkitPro/libctru/lib\libctru.a(gx.o)
                0x00000000001075c0                GX_BindQueue
 .text.GX_ProcessCommandList
                0x00000000001075d0       0x78 C:/devkitPro/libctru/lib\libctru.a(gx.o)
                0x00000000001075d0                GX_ProcessCommandList
 .text.GX_MemoryFill
                0x0000000000107648       0x74 C:/devkitPro/libctru/lib\libctru.a(gx.o)
                0x0000000000107648                GX_MemoryFill
 .text.GX_DisplayTransfer
                0x00000000001076bc       0x70 C:/devkitPro/libctru/lib\libctru.a(gx.o)
                0x00000000001076bc                GX_DisplayTransfer
 .text.gxCmdQueueDoCommands.part.0
                0x000000000010772c       0x68 C:/devkitPro/libctru/lib\libctru.a(gxqueue.o)
 .text.gxCmdQueueInterrupt
                0x0000000000107794       0xc8 C:/devkitPro/libctru/lib\libctru.a(gxqueue.o)
                0x0000000000107794                gxCmdQueueInterrupt
 .text.gxCmdQueueClear
                0x000000000010785c       0x4c C:/devkitPro/libctru/lib\libctru.a(gxqueue.o)
                0x000000000010785c                gxCmdQueueClear
 .text.gxCmdQueueAdd
                0x00000000001078a8       0xf8 C:/devkitPro/libctru/lib\libctru.a(gxqueue.o)
                0x00000000001078a8                gxCmdQueueAdd
 .text.gxCmdQueueRun
                0x00000000001079a0       0x80 C:/devkitPro/libctru/lib\libctru.a(gxqueue.o)
                0x00000000001079a0                gxCmdQueueRun
 .text.gxCmdQueueStop
                0x0000000000107a20       0x60 C:/devkitPro/libctru/lib\libctru.a(gxqueue.o)
                0x0000000000107a20                gxCmdQueueStop
 .text.gxCmdQueueWait
                0x0000000000107a80       0x74 C:/devkitPro/libctru/lib\libctru.a(gxqueue.o)
                0x0000000000107a80                gxCmdQueueWait
 .text.GPUCMD_Add
                0x0000000000107af4      0x13c C:/devkitPro/libctru/lib\libctru.a(gpu.o)
                0x0000000000107af4                GPUCMD_Add
 .text.GPUCMD_Split
                0x0000000000107c30       0xac C:/devkitPro/libctru/lib\libctru.a(gpu.o)
                0x0000000000107c30                GPUCMD_Split
 .text.f32tof16
                0x0000000000107cdc       0x40 C:/devkitPro/libctru/lib\libctru.a(gpu.o)
                0x0000000000107cdc                f32tof16
 .text.f32tof24
                0x0000000000107d1c       0x40 C:/devkitPro/libctru/lib\libctru.a(gpu.o)
                0x0000000000107d1c                f32tof24
 .text.f32tof31
                0x0000000000107d5c       0x44 C:/devkitPro/libctru/lib\libctru.a(gpu.o)
                0x0000000000107d5c                f32tof31
 .text.gspHardwareInit
                0x0000000000107da0      0xc58 C:/devkitPro/libctru/lib\libctru.a(gspgpu.o)
 .text.gspInit  0x00000000001089f8      0x254 C:/devkitPro/libctru/lib\libctru.a(gspgpu.o)
                0x00000000001089f8                gspInit
 .text.gspExit  0x0000000000108c4c       0xf0 C:/devkitPro/libctru/lib\libctru.a(gspgpu.o)
                0x0000000000108c4c                gspExit
 .text.gspHasGpuRight
                0x0000000000108d3c       0x10 C:/devkitPro/libctru/lib\libctru.a(gspgpu.o)
                0x0000000000108d3c                gspHasGpuRight
 .text.gspPresentBuffer
                0x0000000000108d4c       0x98 C:/devkitPro/libctru/lib\libctru.a(gspgpu.o)
                0x0000000000108d4c                gspPresentBuffer
 .text.gspSetEventCallback
                0x0000000000108de4       0x30 C:/devkitPro/libctru/lib\libctru.a(gspgpu.o)
                0x0000000000108de4                gspSetEventCallback
 .text.gspWaitForEvent
                0x0000000000108e14       0x50 C:/devkitPro/libctru/lib\libctru.a(gspgpu.o)
                0x0000000000108e14                gspWaitForEvent
 .text.gspWaitForAnyEvent
                0x0000000000108e64       0x4c C:/devkitPro/libctru/lib\libctru.a(gspgpu.o)
                0x0000000000108e64                gspWaitForAnyEvent
 .text.gspEventThreadMain
                0x0000000000108eb0      0x160 C:/devkitPro/libctru/lib\libctru.a(gspgpu.o)
 .text.gspSubmitGxCommand
                0x0000000000109010      0x130 C:/devkitPro/libctru/lib\libctru.a(gspgpu.o)
                0x0000000000109010                gspSubmitGxCommand
 .text.GSPGPU_FlushDataCache
                0x0000000000109140       0x50 C:/devkitPro/libctru/lib\libctru.a(gspgpu.o)
                0x0000000000109140                GSPGPU_FlushDataCache
 .text.GSPGPU_SetLcdForceBlack
                0x0000000000109190       0x34 C:/devkitPro/libctru/lib\libctru.a(gspgpu.o)
                0x0000000000109190                GSPGPU_SetLcdForceBlack
 .text.GSPGPU_AcquireRight
                0x00000000001091c4       0x68 C:/devkitPro/libctru/lib\libctru.a(gspgpu.o)
                0x00000000001091c4                GSPGPU_AcquireRight
 .text.GSPGPU_ReleaseRight
                0x000000000010922c       0x48 C:/devkitPro/libctru/lib\libctru.a(gspgpu.o)
                0x000000000010922c                GSPGPU_ReleaseRight
 .text.GSPGPU_ImportDisplayCaptureInfo
                0x0000000000109274       0x7c C:/devkitPro/libctru/lib\libctru.a(gspgpu.o)
                0x0000000000109274                GSPGPU_ImportDisplayCaptureInfo
 .text.GSPGPU_SaveVramSysArea
                0x00000000001092f0       0x2c C:/devkitPro/libctru/lib\libctru.a(gspgpu.o)
                0x00000000001092f0                GSPGPU_SaveVramSysArea
 .text.GSPGPU_RestoreVramSysArea
                0x000000000010931c       0x2c C:/devkitPro/libctru/lib\libctru.a(gspgpu.o)
                0x000000000010931c                GSPGPU_RestoreVramSysArea
 .text.aptConvertScreenForCapture
                0x0000000000109348      0x1b0 C:/devkitPro/libctru/lib\libctru.a(apt.o)
 .text.aptDspSleep
                0x00000000001094f8        0x8 C:/devkitPro/libctru/lib\libctru.a(apt.o)
                0x00000000001094f8                aptDspSleep
 .text.aptDspWakeup
                0x0000000000109500        0x4 C:/devkitPro/libctru/lib\libctru.a(apt.o)
                0x0000000000109500                aptDspWakeup
 .text.aptDspCancel
                0x0000000000109504        0x4 C:/devkitPro/libctru/lib\libctru.a(apt.o)
                0x0000000000109504                aptDspCancel
 .text.aptSendCommand
                0x0000000000109508      0x15c C:/devkitPro/libctru/lib\libctru.a(apt.o)
                0x0000000000109508                aptSendCommand
 .text.aptExitProcess
                0x0000000000109664       0x38 C:/devkitPro/libctru/lib\libctru.a(apt.o)
 .text.aptExit  0x000000000010969c      0x2f0 C:/devkitPro/libctru/lib\libctru.a(apt.o)
                0x000000000010969c                aptExit
 .text.aptHandleSleep
                0x000000000010998c       0xd8 C:/devkitPro/libctru/lib\libctru.a(apt.o)
                0x000000000010998c                aptHandleSleep
 .text.aptHook  0x0000000000109a64       0x30 C:/devkitPro/libctru/lib\libctru.a(apt.o)
                0x0000000000109a64                aptHook
 .text.aptUnhook
                0x0000000000109a94       0x30 C:/devkitPro/libctru/lib\libctru.a(apt.o)
                0x0000000000109a94                aptUnhook
 .text.APT_SleepIfShellClosed
                0x0000000000109ac4       0x84 C:/devkitPro/libctru/lib\libctru.a(apt.o)
                0x0000000000109ac4                APT_SleepIfShellClosed
 .text.aptSetSleepAllowed
                0x0000000000109b48       0x84 C:/devkitPro/libctru/lib\libctru.a(apt.o)
                0x0000000000109b48                aptSetSleepAllowed
 .text.APT_UnlockTransition
                0x0000000000109bcc       0x84 C:/devkitPro/libctru/lib\libctru.a(apt.o)
                0x0000000000109bcc                APT_UnlockTransition
 .text.aptEventHandler
                0x0000000000109c50      0x484 C:/devkitPro/libctru/lib\libctru.a(apt.o)
 .text.APT_ReceiveParameter
                0x000000000010a0d4       0xb0 C:/devkitPro/libctru/lib\libctru.a(apt.o)
                0x000000000010a0d4                APT_ReceiveParameter
 .text.aptReceiveParameter.constprop.0
                0x000000000010a184       0xb0 C:/devkitPro/libctru/lib\libctru.a(apt.o)
 *fill*         0x000000000010a234        0x4 
 .text.aptScreenTransfer
                0x000000000010a238      0x2bc C:/devkitPro/libctru/lib\libctru.a(apt.o)
 .text.aptWaitForWakeUp.isra.0
                0x000000000010a4f4      0x2d0 C:/devkitPro/libctru/lib\libctru.a(apt.o)
 .text.aptJumpToHomeMenu
                0x000000000010a7c4       0xf8 C:/devkitPro/libctru/lib\libctru.a(apt.o)
                0x000000000010a7c4                aptJumpToHomeMenu
 .text.aptMainLoop
                0x000000000010a8bc       0x4c C:/devkitPro/libctru/lib\libctru.a(apt.o)
                0x000000000010a8bc                aptMainLoop
 .text.aptInit  0x000000000010a908      0x234 C:/devkitPro/libctru/lib\libctru.a(apt.o)
                0x000000000010a908                aptInit
 .text.APT_CheckNew3DS
                0x000000000010ab3c       0x7c C:/devkitPro/libctru/lib\libctru.a(apt.o)
                0x000000000010ab3c                APT_CheckNew3DS
 .text.hidShouldUseIrrst
                0x000000000010abb8       0x24 C:/devkitPro/libctru/lib\libctru.a(hid.o)
                0x000000000010abb8                hidShouldUseIrrst
 .text.hidInit  0x000000000010abdc      0x18c C:/devkitPro/libctru/lib\libctru.a(hid.o)
                0x000000000010abdc                hidInit
 .text.hidExit  0x000000000010ad68       0xe8 C:/devkitPro/libctru/lib\libctru.a(hid.o)
                0x000000000010ad68                hidExit
 .text.hidScanInput
                0x000000000010ae50      0x294 C:/devkitPro/libctru/lib\libctru.a(hid.o)
                0x000000000010ae50                hidScanInput
 .text.hidKeysHeld
                0x000000000010b0e4       0x10 C:/devkitPro/libctru/lib\libctru.a(hid.o)
                0x000000000010b0e4                hidKeysHeld
 .text.hidKeysDown
                0x000000000010b0f4       0x10 C:/devkitPro/libctru/lib\libctru.a(hid.o)
                0x000000000010b0f4                hidKeysDown
 .text.ptmSysmInit
                0x000000000010b104       0x74 C:/devkitPro/libctru/lib\libctru.a(ptmsysm.o)
                0x000000000010b104                ptmSysmInit
 .text.ptmSysmExit
                0x000000000010b178       0x3c C:/devkitPro/libctru/lib\libctru.a(ptmsysm.o)
                0x000000000010b178                ptmSysmExit
 .text.PTMSYSM_ConfigureNew3DSCPU
                0x000000000010b1b4       0x34 C:/devkitPro/libctru/lib\libctru.a(ptmsysm.o)
                0x000000000010b1b4                PTMSYSM_ConfigureNew3DSCPU
 .text.rbtree_init
                0x000000000010b1e8       0x10 C:/devkitPro/libctru/lib\libctru.a(rbtree_init.o)
                0x000000000010b1e8                rbtree_init
 .text.do_insert
                0x000000000010b1f8      0x1a0 C:/devkitPro/libctru/lib\libctru.a(rbtree_insert.o)
 .text.rbtree_insert
                0x000000000010b398        0x8 C:/devkitPro/libctru/lib\libctru.a(rbtree_insert.o)
                0x000000000010b398                rbtree_insert
 .text.rbtree_rotate
                0x000000000010b3a0       0x90 C:/devkitPro/libctru/lib\libctru.a(rbtree_rotate.o)
                0x000000000010b3a0                rbtree_rotate
 .text.rbtree_remove
                0x000000000010b430      0x338 C:/devkitPro/libctru/lib\libctru.a(rbtree_remove.o)
                0x000000000010b430                rbtree_remove
 .text.rbtree_find
                0x000000000010b768       0x74 C:/devkitPro/libctru/lib\libctru.a(rbtree_find.o)
                0x000000000010b768                rbtree_find
 *fill*         0x000000000010b7dc        0x4 
 .text.__system_allocateHeaps
                0x000000000010b7e0      0x1e0 C:/devkitPro/libctru/lib\libctru.a(allocateHeaps.o)
                0x000000000010b7e0                __system_allocateHeaps
 .text.__libctru_init
                0x000000000010b9c0       0x38 C:/devkitPro/libctru/lib\libctru.a(ctru_init.o)
                0x000000000010b9c0                __libctru_init
 .text.__system_initArgv
                0x000000000010b9f8       0xf0 C:/devkitPro/libctru/lib\libctru.a(initArgv.o)
                0x000000000010b9f8                __system_initArgv
 .text.svcControlMemory
                0x000000000010bae8       0x20 C:/devkitPro/libctru/lib\libctru.a(svc.o)
                0x000000000010bae8                svcControlMemory
 .text.svcQueryMemory
                0x000000000010bb08       0x30 C:/devkitPro/libctru/lib\libctru.a(svc.o)
                0x000000000010bb08                svcQueryMemory
 .text.svcExitProcess
                0x000000000010bb38        0x8 C:/devkitPro/libctru/lib\libctru.a(svc.o)
                0x000000000010bb38                svcExitProcess
 .text.svcCreateThread
                0x000000000010bb40       0x20 C:/devkitPro/libctru/lib\libctru.a(svc.o)
                0x000000000010bb40                svcCreateThread
 .text.svcExitThread
                0x000000000010bb60        0x8 C:/devkitPro/libctru/lib\libctru.a(svc.o)
                0x000000000010bb60                svcExitThread
 .text.svcSleepThread
                0x000000000010bb68        0x8 C:/devkitPro/libctru/lib\libctru.a(svc.o)
                0x000000000010bb68                svcSleepThread
 .text.svcReleaseMutex
                0x000000000010bb70        0x8 C:/devkitPro/libctru/lib\libctru.a(svc.o)
                0x000000000010bb70                svcReleaseMutex
 .text.svcCreateEvent
                0x000000000010bb78       0x14 C:/devkitPro/libctru/lib\libctru.a(svc.o)
                0x000000000010bb78                svcCreateEvent
 .text.svcSignalEvent
                0x000000000010bb8c        0x8 C:/devkitPro/libctru/lib\libctru.a(svc.o)
                0x000000000010bb8c                svcSignalEvent
 .text.svcClearEvent
                0x000000000010bb94        0x8 C:/devkitPro/libctru/lib\libctru.a(svc.o)
                0x000000000010bb94                svcClearEvent
 .text.svcMapMemoryBlock
                0x000000000010bb9c        0x8 C:/devkitPro/libctru/lib\libctru.a(svc.o)
                0x000000000010bb9c                svcMapMemoryBlock
 .text.svcUnmapMemoryBlock
                0x000000000010bba4        0x8 C:/devkitPro/libctru/lib\libctru.a(svc.o)
                0x000000000010bba4                svcUnmapMemoryBlock
 .text.svcCreateAddressArbiter
                0x000000000010bbac       0x14 C:/devkitPro/libctru/lib\libctru.a(svc.o)
                0x000000000010bbac                svcCreateAddressArbiter
 .text.svcArbitrateAddressNoTimeout
                0x000000000010bbc0        0x8 C:/devkitPro/libctru/lib\libctru.a(svc.o)
                0x000000000010bbc0                svcArbitrateAddressNoTimeout
 .text.svcCloseHandle
                0x000000000010bbc8        0x8 C:/devkitPro/libctru/lib\libctru.a(svc.o)
                0x000000000010bbc8                svcCloseHandle
 .text.svcWaitSynchronization
                0x000000000010bbd0        0x8 C:/devkitPro/libctru/lib\libctru.a(svc.o)
                0x000000000010bbd0                svcWaitSynchronization
 .text.svcWaitSynchronizationN
                0x000000000010bbd8       0x28 C:/devkitPro/libctru/lib\libctru.a(svc.o)
                0x000000000010bbd8                svcWaitSynchronizationN
 .text.svcDuplicateHandle
                0x000000000010bc00       0x14 C:/devkitPro/libctru/lib\libctru.a(svc.o)
                0x000000000010bc00                svcDuplicateHandle
 .text.svcGetSystemTick
                0x000000000010bc14        0x8 C:/devkitPro/libctru/lib\libctru.a(svc.o)
                0x000000000010bc14                svcGetSystemTick
 .text.svcConnectToPort
                0x000000000010bc1c       0x14 C:/devkitPro/libctru/lib\libctru.a(svc.o)
                0x000000000010bc1c                svcConnectToPort
 .text.svcSendSyncRequest
                0x000000000010bc30        0x8 C:/devkitPro/libctru/lib\libctru.a(svc.o)
                0x000000000010bc30                svcSendSyncRequest
 .text.svcGetResourceLimit
                0x000000000010bc38       0x14 C:/devkitPro/libctru/lib\libctru.a(svc.o)
                0x000000000010bc38                svcGetResourceLimit
 .text.svcGetResourceLimitLimitValues
                0x000000000010bc4c        0x8 C:/devkitPro/libctru/lib\libctru.a(svc.o)
                0x000000000010bc4c                svcGetResourceLimitLimitValues
 .text.svcGetResourceLimitCurrentValues
                0x000000000010bc54        0x8 C:/devkitPro/libctru/lib\libctru.a(svc.o)
                0x000000000010bc54                svcGetResourceLimitCurrentValues
 .text.svcBreak
                0x000000000010bc5c        0x8 C:/devkitPro/libctru/lib\libctru.a(svc.o)
                0x000000000010bc5c                svcBreak
 .text.initSystem
                0x000000000010bc64       0x50 C:/devkitPro/libctru/lib\libctru.a(stack_adjust.o)
                0x000000000010bc64                initSystem
 .text.__ctru_exit
                0x000000000010bcb4       0x18 C:/devkitPro/libctru/lib\libctru.a(stack_adjust.o)
                0x000000000010bcb4                __ctru_exit
 .text.__sync_init
                0x000000000010bccc        0xc C:/devkitPro/libctru/lib\libctru.a(synchronization.o)
                0x000000000010bccc                __sync_init
 .text.__sync_fini
                0x000000000010bcd8       0x18 C:/devkitPro/libctru/lib\libctru.a(synchronization.o)
                0x000000000010bcd8                __sync_fini
 .text.syncArbitrateAddress
                0x000000000010bcf0       0x2c C:/devkitPro/libctru/lib\libctru.a(synchronization.o)
                0x000000000010bcf0                syncArbitrateAddress
 .text.LightLock_Init
                0x000000000010bd1c       0x1c C:/devkitPro/libctru/lib\libctru.a(synchronization.o)
                0x000000000010bd1c                LightLock_Init
 .text.LightLock_Lock
                0x000000000010bd38       0x94 C:/devkitPro/libctru/lib\libctru.a(synchronization.o)
                0x000000000010bd38                LightLock_Lock
 .text.LightLock_TryLock
                0x000000000010bdcc       0x44 C:/devkitPro/libctru/lib\libctru.a(synchronization.o)
                0x000000000010bdcc                LightLock_TryLock
 .text.LightLock_Unlock
                0x000000000010be10       0x40 C:/devkitPro/libctru/lib\libctru.a(synchronization.o)
                0x000000000010be10                LightLock_Unlock
 .text.RecursiveLock_Init
                0x000000000010be50       0x24 C:/devkitPro/libctru/lib\libctru.a(synchronization.o)
                0x000000000010be50                RecursiveLock_Init
 .text.RecursiveLock_Lock
                0x000000000010be74       0x30 C:/devkitPro/libctru/lib\libctru.a(synchronization.o)
                0x000000000010be74                RecursiveLock_Lock
 .text.RecursiveLock_TryLock
                0x000000000010bea4       0x78 C:/devkitPro/libctru/lib\libctru.a(synchronization.o)
                0x000000000010bea4                RecursiveLock_TryLock
 .text.RecursiveLock_Unlock
                0x000000000010bf1c       0x54 C:/devkitPro/libctru/lib\libctru.a(synchronization.o)
                0x000000000010bf1c                RecursiveLock_Unlock
 .text.LightEvent_Init
                0x000000000010bf70       0x40 C:/devkitPro/libctru/lib\libctru.a(synchronization.o)
                0x000000000010bf70                LightEvent_Init
 .text.LightEvent_Clear
                0x000000000010bfb0       0xa4 C:/devkitPro/libctru/lib\libctru.a(synchronization.o)
                0x000000000010bfb0                LightEvent_Clear
 .text.LightEvent_Signal
                0x000000000010c054       0xc8 C:/devkitPro/libctru/lib\libctru.a(synchronization.o)
                0x000000000010c054                LightEvent_Signal
 .text.LightEvent_TryWait
                0x000000000010c11c       0x58 C:/devkitPro/libctru/lib\libctru.a(synchronization.o)
                0x000000000010c11c                LightEvent_TryWait
 .text.LightEvent_Wait
                0x000000000010c174       0xb0 C:/devkitPro/libctru/lib\libctru.a(synchronization.o)
                0x000000000010c174                LightEvent_Wait
 .text.srvInit  0x000000000010c224      0x124 C:/devkitPro/libctru/lib\libctru.a(srv.o)
                0x000000000010c224                srvInit
 .text.srvExit  0x000000000010c348       0x58 C:/devkitPro/libctru/lib\libctru.a(srv.o)
                0x000000000010c348                srvExit
 .text.srvGetServiceHandleDirect
                0x000000000010c3a0       0x80 C:/devkitPro/libctru/lib\libctru.a(srv.o)
                0x000000000010c3a0                srvGetServiceHandleDirect
 .text.srvGetServiceHandle
                0x000000000010c420       0x48 C:/devkitPro/libctru/lib\libctru.a(srv.o)
                0x000000000010c420                srvGetServiceHandle
 .text.srvPublishToSubscriber
                0x000000000010c468       0x38 C:/devkitPro/libctru/lib\libctru.a(srv.o)
                0x000000000010c468                srvPublishToSubscriber
 .text.threadCreate
                0x000000000010c4a0      0x188 C:/devkitPro/libctru/lib\libctru.a(thread.o)
                0x000000000010c4a0                threadCreate
 .text.threadFree
                0x000000000010c628       0x2c C:/devkitPro/libctru/lib\libctru.a(thread.o)
                0x000000000010c628                threadFree
 .text.threadJoin
                0x000000000010c654       0x24 C:/devkitPro/libctru/lib\libctru.a(thread.o)
                0x000000000010c654                threadJoin
 .text.threadGetCurrent
                0x000000000010c678       0x30 C:/devkitPro/libctru/lib\libctru.a(thread.o)
                0x000000000010c678                threadGetCurrent
 .text.threadExit
                0x000000000010c6a8       0x40 C:/devkitPro/libctru/lib\libctru.a(thread.o)
                0x000000000010c6a8                threadExit
 .text._thread_begin
                0x000000000010c6e8       0x44 C:/devkitPro/libctru/lib\libctru.a(thread.o)
 .text.mappableFindAddressWithin
                0x000000000010c72c       0x94 C:/devkitPro/libctru/lib\libctru.a(mappable.o)
 .text.mappableInit
                0x000000000010c7c0       0x28 C:/devkitPro/libctru/lib\libctru.a(mappable.o)
                0x000000000010c7c0                mappableInit
 .text.mappableAlloc
                0x000000000010c7e8       0x80 C:/devkitPro/libctru/lib\libctru.a(mappable.o)
                0x000000000010c7e8                mappableAlloc
 .text.mappableFree
                0x000000000010c868        0x4 C:/devkitPro/libctru/lib\libctru.a(mappable.o)
                0x000000000010c868                mappableFree
 .text.irrstInit
                0x000000000010c86c      0x160 C:/devkitPro/libctru/lib\libctru.a(irrst.o)
                0x000000000010c86c                irrstInit
 .text.irrstExit
                0x000000000010c9cc       0xcc C:/devkitPro/libctru/lib\libctru.a(irrst.o)
                0x000000000010c9cc                irrstExit
 .text.irrstScanInput
                0x000000000010ca98       0xb0 C:/devkitPro/libctru/lib\libctru.a(irrst.o)
                0x000000000010ca98                irrstScanInput
 .text.irrstKeysHeld
                0x000000000010cb48       0x24 C:/devkitPro/libctru/lib\libctru.a(irrst.o)
                0x000000000010cb48                irrstKeysHeld
 .text.srvPmGetSessionHandle
                0x000000000010cb6c        0xc C:/devkitPro/libctru/lib\libctru.a(srvpm.o)
                0x000000000010cb6c                srvPmGetSessionHandle
 .text.rbtree_node_next
                0x000000000010cb78       0x50 C:/devkitPro/libctru/lib\libctru.a(rbtree_iterator.o)
                0x000000000010cb78                rbtree_node_next
 .text.__appInit
                0x000000000010cbc8       0x30 C:/devkitPro/libctru/lib\libctru.a(appInit.o)
                0x000000000010cbc8                __appInit
 .text.__libctru_nanosleep
                0x000000000010cbf8       0x30 C:/devkitPro/libctru/lib\libctru.a(syscalls.o)
 .text.__libctru_get_reent
                0x000000000010cc28       0x30 C:/devkitPro/libctru/lib\libctru.a(syscalls.o)
 .text.__system_initSyscalls
                0x000000000010cc58       0xf8 C:/devkitPro/libctru/lib\libctru.a(syscalls.o)
                0x000000000010cc58                __system_initSyscalls
 .text.__appExit
                0x000000000010cd50       0x30 C:/devkitPro/libctru/lib\libctru.a(appExit.o)
                0x000000000010cd50                __appExit
 .text.__libctru_exit
                0x000000000010cd80       0x90 C:/devkitPro/libctru/lib\libctru.a(ctru_exit.o)
                0x000000000010cd80                __libctru_exit
 .text.envGetHandle
                0x000000000010ce10       0x84 C:/devkitPro/libctru/lib\libctru.a(env.o)
                0x000000000010ce10                envGetHandle
 .text.envDestroyHandles
                0x000000000010ce94       0x50 C:/devkitPro/libctru/lib\libctru.a(env.o)
                0x000000000010ce94                envDestroyHandles
 .text.archive_link
                0x000000000010cee4       0x14 C:/devkitPro/libctru/lib\libctru.a(archive_dev.o)
 .text.archive_dirreset
                0x000000000010cef8       0x14 C:/devkitPro/libctru/lib\libctru.a(archive_dev.o)
 .text.archive_chmod
                0x000000000010cf0c       0x14 C:/devkitPro/libctru/lib\libctru.a(archive_dev.o)
 .text.error_cmp
                0x000000000010cf20       0x24 C:/devkitPro/libctru/lib\libctru.a(archive_dev.o)
 .text.archive_translate_error
                0x000000000010cf44       0x50 C:/devkitPro/libctru/lib\libctru.a(archive_dev.o)
 .text.archive_seek
                0x000000000010cf94       0xd4 C:/devkitPro/libctru/lib\libctru.a(archive_dev.o)
 .text._archiveInit.part.0
                0x000000000010d068       0x7c C:/devkitPro/libctru/lib\libctru.a(archive_dev.o)
 .text.archiveFindDevice.part.0
                0x000000000010d0e4       0x8c C:/devkitPro/libctru/lib\libctru.a(archive_dev.o)
 .text.archive_utf16path
                0x000000000010d170      0x294 C:/devkitPro/libctru/lib\libctru.a(archive_dev.o)
 .text._archiveUnmountDeviceStruct.part.0
                0x000000000010d404       0xa0 C:/devkitPro/libctru/lib\libctru.a(archive_dev.o)
 .text.archive_fchmod
                0x000000000010d4a4       0x14 C:/devkitPro/libctru/lib\libctru.a(archive_dev.o)
 .text.archive_statvfs
                0x000000000010d4b8       0x14 C:/devkitPro/libctru/lib\libctru.a(archive_dev.o)
 .text._archiveMountDevice
                0x000000000010d4cc      0x158 C:/devkitPro/libctru/lib\libctru.a(archive_dev.o)
 .text.archive_diropen
                0x000000000010d624       0xe8 C:/devkitPro/libctru/lib\libctru.a(archive_dev.o)
 .text.archive_fstat
                0x000000000010d70c       0xa4 C:/devkitPro/libctru/lib\libctru.a(archive_dev.o)
 .text.archive_close
                0x000000000010d7b0       0x6c C:/devkitPro/libctru/lib\libctru.a(archive_dev.o)
 .text.archive_fsync
                0x000000000010d81c       0x6c C:/devkitPro/libctru/lib\libctru.a(archive_dev.o)
 .text.archive_dirclose
                0x000000000010d888       0x70 C:/devkitPro/libctru/lib\libctru.a(archive_dev.o)
 .text.sdmc_statvfs
                0x000000000010d8f8       0xe8 C:/devkitPro/libctru/lib\libctru.a(archive_dev.o)
 .text.archive_ftruncate
                0x000000000010d9e0       0x80 C:/devkitPro/libctru/lib\libctru.a(archive_dev.o)
 .text.archive_chdir
                0x000000000010da60       0xfc C:/devkitPro/libctru/lib\libctru.a(archive_dev.o)
 .text.archive_read
                0x000000000010db5c       0xb0 C:/devkitPro/libctru/lib\libctru.a(archive_dev.o)
 .text.archive_unlink
                0x000000000010dc0c       0xac C:/devkitPro/libctru/lib\libctru.a(archive_dev.o)
 .text.archive_rmdir
                0x000000000010dcb8       0xc8 C:/devkitPro/libctru/lib\libctru.a(archive_dev.o)
 .text.archive_mkdir
                0x000000000010dd80       0xec C:/devkitPro/libctru/lib\libctru.a(archive_dev.o)
 .text.archive_stat
                0x000000000010de6c      0x1a8 C:/devkitPro/libctru/lib\libctru.a(archive_dev.o)
 .text.archive_rename
                0x000000000010e014      0x184 C:/devkitPro/libctru/lib\libctru.a(archive_dev.o)
 .text.archive_dirnext
                0x000000000010e198      0x168 C:/devkitPro/libctru/lib\libctru.a(archive_dev.o)
 .text.archive_write
                0x000000000010e300      0x12c C:/devkitPro/libctru/lib\libctru.a(archive_dev.o)
 .text.archive_open
                0x000000000010e42c      0x1f0 C:/devkitPro/libctru/lib\libctru.a(archive_dev.o)
 .text.archiveMountSdmc
                0x000000000010e61c      0x1a4 C:/devkitPro/libctru/lib\libctru.a(archive_dev.o)
                0x000000000010e61c                archiveMountSdmc
 .text.archiveUnmountAll
                0x000000000010e7c0       0x54 C:/devkitPro/libctru/lib\libctru.a(archive_dev.o)
                0x000000000010e7c0                archiveUnmountAll
 .text.fsInit   0x000000000010e814       0xc8 C:/devkitPro/libctru/lib\libctru.a(fs.o)
                0x000000000010e814                fsInit
 .text.fsExit   0x000000000010e8dc       0x3c C:/devkitPro/libctru/lib\libctru.a(fs.o)
                0x000000000010e8dc                fsExit
 .text.fsExemptFromSession
                0x000000000010e918       0x60 C:/devkitPro/libctru/lib\libctru.a(fs.o)
                0x000000000010e918                fsExemptFromSession
 .text.fsUnexemptFromSession
                0x000000000010e978       0x50 C:/devkitPro/libctru/lib\libctru.a(fs.o)
                0x000000000010e978                fsUnexemptFromSession
 .text.FSUSER_OpenFile
                0x000000000010e9c8       0xcc C:/devkitPro/libctru/lib\libctru.a(fs.o)
                0x000000000010e9c8                FSUSER_OpenFile
 .text.FSUSER_DeleteFile
                0x000000000010ea94       0xbc C:/devkitPro/libctru/lib\libctru.a(fs.o)
                0x000000000010ea94                FSUSER_DeleteFile
 .text.FSUSER_RenameFile
                0x000000000010eb50       0xf8 C:/devkitPro/libctru/lib\libctru.a(fs.o)
                0x000000000010eb50                FSUSER_RenameFile
 .text.FSUSER_DeleteDirectory
                0x000000000010ec48       0xbc C:/devkitPro/libctru/lib\libctru.a(fs.o)
                0x000000000010ec48                FSUSER_DeleteDirectory
 .text.FSUSER_CreateFile
                0x000000000010ed04       0xd4 C:/devkitPro/libctru/lib\libctru.a(fs.o)
                0x000000000010ed04                FSUSER_CreateFile
 .text.FSUSER_CreateDirectory
                0x000000000010edd8       0xc4 C:/devkitPro/libctru/lib\libctru.a(fs.o)
                0x000000000010edd8                FSUSER_CreateDirectory
 .text.FSUSER_RenameDirectory
                0x000000000010ee9c       0xf8 C:/devkitPro/libctru/lib\libctru.a(fs.o)
                0x000000000010ee9c                FSUSER_RenameDirectory
 .text.FSUSER_OpenDirectory
                0x000000000010ef94       0xb4 C:/devkitPro/libctru/lib\libctru.a(fs.o)
                0x000000000010ef94                FSUSER_OpenDirectory
 .text.FSUSER_OpenArchive
                0x000000000010f048       0x94 C:/devkitPro/libctru/lib\libctru.a(fs.o)
                0x000000000010f048                FSUSER_OpenArchive
 .text.FSUSER_CloseArchive
                0x000000000010f0dc       0x8c C:/devkitPro/libctru/lib\libctru.a(fs.o)
                0x000000000010f0dc                FSUSER_CloseArchive
 .text.FSUSER_GetSdmcArchiveResource
                0x000000000010f168       0x74 C:/devkitPro/libctru/lib\libctru.a(fs.o)
                0x000000000010f168                FSUSER_GetSdmcArchiveResource
 .text.FSUSER_IsSdmcWritable
                0x000000000010f1dc       0x64 C:/devkitPro/libctru/lib\libctru.a(fs.o)
                0x000000000010f1dc                FSUSER_IsSdmcWritable
 .text.FSFILE_Read
                0x000000000010f240       0x58 C:/devkitPro/libctru/lib\libctru.a(fs.o)
                0x000000000010f240                FSFILE_Read
 .text.FSFILE_Write
                0x000000000010f298       0x60 C:/devkitPro/libctru/lib\libctru.a(fs.o)
                0x000000000010f298                FSFILE_Write
 .text.FSFILE_GetSize
                0x000000000010f2f8       0x38 C:/devkitPro/libctru/lib\libctru.a(fs.o)
                0x000000000010f2f8                FSFILE_GetSize
 .text.FSFILE_SetSize
                0x000000000010f330       0x28 C:/devkitPro/libctru/lib\libctru.a(fs.o)
                0x000000000010f330                FSFILE_SetSize
 .text.FSFILE_Close
                0x000000000010f358       0x3c C:/devkitPro/libctru/lib\libctru.a(fs.o)
                0x000000000010f358                FSFILE_Close
 .text.FSFILE_Flush
                0x000000000010f394       0x24 C:/devkitPro/libctru/lib\libctru.a(fs.o)
                0x000000000010f394                FSFILE_Flush
 .text.FSDIR_Read
                0x000000000010f3b8       0x50 C:/devkitPro/libctru/lib\libctru.a(fs.o)
                0x000000000010f3b8                FSDIR_Read
 .text.FSDIR_Close
                0x000000000010f408       0x3c C:/devkitPro/libctru/lib\libctru.a(fs.o)
                0x000000000010f408                FSDIR_Close
 .text.utf16_to_utf8
                0x000000000010f444       0xe8 C:/devkitPro/libctru/lib\libctru.a(utf16_to_utf8.o)
                0x000000000010f444                utf16_to_utf8
 .text.decode_utf16
                0x000000000010f52c       0x64 C:/devkitPro/libctru/lib\libctru.a(decode_utf16.o)
                0x000000000010f52c                decode_utf16
 .text.decode_utf8
                0x000000000010f590      0x13c C:/devkitPro/libctru/lib\libctru.a(decode_utf8.o)
                0x000000000010f590                decode_utf8
 .text.utf8_to_utf16
                0x000000000010f6cc       0xc0 C:/devkitPro/libctru/lib\libctru.a(utf8_to_utf16.o)
                0x000000000010f6cc                utf8_to_utf16
 .text.__aeabi_read_tp
                0x000000000010f78c        0xc C:/devkitPro/libctru/lib\libctru.a(readtp.o)
                0x000000000010f78c                __aeabi_read_tp
 .text.encode_utf16
                0x000000000010f798       0x60 C:/devkitPro/libctru/lib\libctru.a(encode_utf16.o)
                0x000000000010f798                encode_utf16
 .text.encode_utf8
                0x000000000010f7f8       0xfc C:/devkitPro/libctru/lib\libctru.a(encode_utf8.o)
                0x000000000010f7f8                encode_utf8
 *fill*         0x000000000010f8f4        0x4 
 .text.cos      0x000000000010f8f8       0xc0 c:/devkitpro/devkitarm/bin/../lib/gcc/arm-none-eabi/10.2.0/../../../../arm-none-eabi/lib/armv6k/fpu\libm.a(lib_a-s_cos.o)
                0x000000000010f8f8                cos
 .text.sin      0x000000000010f9b8       0xc8 c:/devkitpro/devkitarm/bin/../lib/gcc/arm-none-eabi/10.2.0/../../../../arm-none-eabi/lib/armv6k/fpu\libm.a(lib_a-s_sin.o)
                0x000000000010f9b8                sin
 .text.sqrtf    0x000000000010fa80       0x70 c:/devkitpro/devkitarm/bin/../lib/gcc/arm-none-eabi/10.2.0/../../../../arm-none-eabi/lib/armv6k/fpu\libm.a(lib_a-wf_sqrt.o)
                0x000000000010fa80                sqrtf
 .text.__ieee754_sqrtf
                0x000000000010faf0        0x8 c:/devkitpro/devkitarm/bin/../lib/gcc/arm-none-eabi/10.2.0/../../../../arm-none-eabi/lib/armv6k/fpu\libm.a(lib_a-ef_sqrt.o)
                0x000000000010faf0                __ieee754_sqrtf
 .text.__ieee754_rem_pio2
                0x000000000010faf8      0x328 c:/devkitpro/devkitarm/bin/../lib/gcc/arm-none-eabi/10.2.0/../../../../arm-none-eabi/lib/armv6k/fpu\libm.a(lib_a-e_rem_pio2.o)
                0x000000000010faf8                __ieee754_rem_pio2
 .text.__kernel_cos
                0x000000000010fe20      0x158 c:/devkitpro/devkitarm/bin/../lib/gcc/arm-none-eabi/10.2.0/../../../../arm-none-eabi/lib/armv6k/fpu\libm.a(lib_a-k_cos.o)
                0x000000000010fe20                __kernel_cos
 .text.__kernel_rem_pio2
                0x000000000010ff78      0x88c c:/devkitpro/devkitarm/bin/../lib/gcc/arm-none-eabi/10.2.0/../../../../arm-none-eabi/lib/armv6k/fpu\libm.a(lib_a-k_rem_pio2.o)
                0x000000000010ff78                __kernel_rem_pio2
 *fill*         0x0000000000110804        0x4 
 .text.__kernel_sin
                0x0000000000110808       0xc0 c:/devkitpro/devkitarm/bin/../lib/gcc/arm-none-eabi/10.2.0/../../../../arm-none-eabi/lib/armv6k/fpu\libm.a(lib_a-k_sin.o)
                0x0000000000110808                __kernel_sin
 .text.fabs     0x00000000001108c8       0x14 c:/devkitpro/devkitarm/bin/../lib/gcc/arm-none-eabi/10.2.0/../../../../arm-none-eabi/lib/armv6k/fpu\libm.a(lib_a-s_fabs.o)
                0x00000000001108c8                fabs
 *fill*         0x00000000001108dc        0x4 
 .text.floor    0x00000000001108e0      0x164 c:/devkitpro/devkitarm/bin/../lib/gcc/arm-none-eabi/10.2.0/../../../../arm-none-eabi/lib/armv6k/fpu\libm.a(lib_a-s_floor.o)
                0x00000000001108e0                floor
 *fill*         0x0000000000110a44        0x4 
 .text.scalbn   0x0000000000110a48      0x138 c:/devkitpro/devkitarm/bin/../lib/gcc/arm-none-eabi/10.2.0/../../../../arm-none-eabi/lib/armv6k/fpu\libm.a(lib_a-s_scalbn.o)
                0x0000000000110a48                scalbn
 .text.__udivmoddi4
                0x0000000000110b80      0x120 c:/devkitpro/devkitarm/bin/../lib/gcc/arm-none-eabi/10.2.0/armv6k/fpu\libgcc.a(_udivmoddi4.o)
                0x0000000000110b80                __udivmoddi4
 .text.bsearch  0x0000000000110ca0       0x78 c:/devkitpro/devkitarm/bin/../lib/gcc/arm-none-eabi/10.2.0/../../../../arm-none-eabi/lib/armv6k/fpu\libg.a(lib_a-bsearch.o)
                0x0000000000110ca0                bsearch
 .text.calloc   0x0000000000110d18       0x28 c:/devkitpro/devkitarm/bin/../lib/gcc/arm-none-eabi/10.2.0/../../../../arm-none-eabi/lib/armv6k/fpu\libg.a(lib_a-calloc.o)
                0x0000000000110d18                calloc
 .text._calloc_r
                0x0000000000110d40       0x94 c:/devkitpro/devkitarm/bin/../lib/gcc/arm-none-eabi/10.2.0/../../../../arm-none-eabi/lib/armv6k/fpu\libg.a(lib_a-callocr.o)
                0x0000000000110d40                _calloc_r
 .text.__errno  0x0000000000110dd4        0xc c:/devkitpro/devkitarm/bin/../lib/gcc/arm-none-eabi/10.2.0/../../../../arm-none-eabi/lib/armv6k/fpu\libg.a(lib_a-errno.o)
                0x0000000000110dd4                __errno
 .text.exit     0x0000000000110de0       0x34 c:/devkitpro/devkitarm/bin/../lib/gcc/arm-none-eabi/10.2.0/../../../../arm-none-eabi/lib/armv6k/fpu\libg.a(lib_a-exit.o)
                0x0000000000110de0                exit
 .text.__libc_fini_array
                0x0000000000110e14       0x3c c:/devkitpro/devkitarm/bin/../lib/gcc/arm-none-eabi/10.2.0/../../../../arm-none-eabi/lib/armv6k/fpu\libg.a(lib_a-fini.o)
                0x0000000000110e14                __libc_fini_array
 .text.__libc_init_array
                0x0000000000110e50       0x7c c:/devkitpro/devkitarm/bin/../lib/gcc/arm-none-eabi/10.2.0/../../../../arm-none-eabi/lib/armv6k/fpu\libg.a(lib_a-init.o)
                0x0000000000110e50                __libc_init_array
 .text.memalign
                0x0000000000110ecc       0x28 c:/devkitpro/devkitarm/bin/../lib/gcc/arm-none-eabi/10.2.0/../../../../arm-none-eabi/lib/armv6k/fpu\libg.a(lib_a-malign.o)
                0x0000000000110ecc                memalign
 .text._memalign_r
                0x0000000000110ef4      0x148 c:/devkitpro/devkitarm/bin/../lib/gcc/arm-none-eabi/10.2.0/../../../../arm-none-eabi/lib/armv6k/fpu\libg.a(lib_a-malignr.o)
                0x0000000000110ef4                _memalign_r
 .text.malloc   0x000000000011103c       0x20 c:/devkitpro/devkitarm/bin/../lib/gcc/arm-none-eabi/10.2.0/../../../../arm-none-eabi/lib/armv6k/fpu\libg.a(lib_a-malloc.o)
                0x000000000011103c                malloc
 .text.free     0x000000000011105c       0x20 c:/devkitpro/devkitarm/bin/../lib/gcc/arm-none-eabi/10.2.0/../../../../arm-none-eabi/lib/armv6k/fpu\libg.a(lib_a-malloc.o)
                0x000000000011105c                free
 .text._malloc_r
                0x000000000011107c      0x7f0 c:/devkitpro/devkitarm/bin/../lib/gcc/arm-none-eabi/10.2.0/../../../../arm-none-eabi/lib/armv6k/fpu\libg.a(lib_a-mallocr.o)
                0x000000000011107c                _malloc_r
 .text.memchr   0x000000000011186c       0xe0 c:/devkitpro/devkitarm/bin/../lib/gcc/arm-none-eabi/10.2.0/../../../../arm-none-eabi/lib/armv6k/fpu\libg.a(lib_a-memchr-stub.o)
                0x000000000011186c                memchr
 .text.memcpy   0x000000000011194c      0x11c c:/devkitpro/devkitarm/bin/../lib/gcc/arm-none-eabi/10.2.0/../../../../arm-none-eabi/lib/armv6k/fpu\libg.a(lib_a-memcpy-stub.o)
                0x000000000011194c                memcpy
 .text.memset   0x0000000000111a68      0x118 c:/devkitpro/devkitarm/bin/../lib/gcc/arm-none-eabi/10.2.0/../../../../arm-none-eabi/lib/armv6k/fpu\libg.a(lib_a-memset.o)
                0x0000000000111a68                memset
 .text.__malloc_lock
                0x0000000000111b80        0xc c:/devkitpro/devkitarm/bin/../lib/gcc/arm-none-eabi/10.2.0/../../../../arm-none-eabi/lib/armv6k/fpu\libg.a(lib_a-mlock.o)
                0x0000000000111b80                __malloc_lock
 .text.__malloc_unlock
                0x0000000000111b8c        0xc c:/devkitpro/devkitarm/bin/../lib/gcc/arm-none-eabi/10.2.0/../../../../arm-none-eabi/lib/armv6k/fpu\libg.a(lib_a-mlock.o)
                0x0000000000111b8c                __malloc_unlock
 .text.printf   0x0000000000111b98       0x34 c:/devkitpro/devkitarm/bin/../lib/gcc/arm-none-eabi/10.2.0/../../../../arm-none-eabi/lib/armv6k/fpu\libg.a(lib_a-printf.o)
                0x0000000000111b98                printf
 .text.setvbuf  0x0000000000111bcc      0x260 c:/devkitpro/devkitarm/bin/../lib/gcc/arm-none-eabi/10.2.0/../../../../arm-none-eabi/lib/armv6k/fpu\libg.a(lib_a-setvbuf.o)
                0x0000000000111bcc                setvbuf
 .text.sscanf   0x0000000000111e2c       0x74 c:/devkitpro/devkitarm/bin/../lib/gcc/arm-none-eabi/10.2.0/../../../../arm-none-eabi/lib/armv6k/fpu\libg.a(lib_a-sscanf.o)
                0x0000000000111e2c                sscanf
 .text.__sread  0x0000000000111ea0       0x44 c:/devkitpro/devkitarm/bin/../lib/gcc/arm-none-eabi/10.2.0/../../../../arm-none-eabi/lib/armv6k/fpu\libg.a(lib_a-stdio.o)
                0x0000000000111ea0                __sread
 .text.__seofread
                0x0000000000111ee4        0x8 c:/devkitpro/devkitarm/bin/../lib/gcc/arm-none-eabi/10.2.0/../../../../arm-none-eabi/lib/armv6k/fpu\libg.a(lib_a-stdio.o)
                0x0000000000111ee4                __seofread
 .text.__swrite
                0x0000000000111eec       0x68 c:/devkitpro/devkitarm/bin/../lib/gcc/arm-none-eabi/10.2.0/../../../../arm-none-eabi/lib/armv6k/fpu\libg.a(lib_a-stdio.o)
                0x0000000000111eec                __swrite
 .text.__sseek  0x0000000000111f54       0x48 c:/devkitpro/devkitarm/bin/../lib/gcc/arm-none-eabi/10.2.0/../../../../arm-none-eabi/lib/armv6k/fpu\libg.a(lib_a-stdio.o)
                0x0000000000111f54                __sseek
 .text.__sclose
                0x0000000000111f9c        0x8 c:/devkitpro/devkitarm/bin/../lib/gcc/arm-none-eabi/10.2.0/../../../../arm-none-eabi/lib/armv6k/fpu\libg.a(lib_a-stdio.o)
                0x0000000000111f9c                __sclose
 .text.strlen   0x0000000000111fa4       0x5c c:/devkitpro/devkitarm/bin/../lib/gcc/arm-none-eabi/10.2.0/../../../../arm-none-eabi/lib/armv6k/fpu\libg.a(lib_a-strlen-stub.o)
                0x0000000000111fa4                strlen
 .text.strncat  0x0000000000112000       0xec c:/devkitpro/devkitarm/bin/../lib/gcc/arm-none-eabi/10.2.0/../../../../arm-none-eabi/lib/armv6k/fpu\libg.a(lib_a-strncat.o)
                0x0000000000112000                strncat
 .text.strncmp  0x00000000001120ec       0xdc c:/devkitpro/devkitarm/bin/../lib/gcc/arm-none-eabi/10.2.0/../../../../arm-none-eabi/lib/armv6k/fpu\libg.a(lib_a-strncmp.o)
                0x00000000001120ec                strncmp
 .text.strncpy  0x00000000001121c8       0xc0 c:/devkitpro/devkitarm/bin/../lib/gcc/arm-none-eabi/10.2.0/../../../../arm-none-eabi/lib/armv6k/fpu\libg.a(lib_a-strncpy.o)
                0x00000000001121c8                strncpy
 .text.strnlen  0x0000000000112288       0x48 c:/devkitpro/devkitarm/bin/../lib/gcc/arm-none-eabi/10.2.0/../../../../arm-none-eabi/lib/armv6k/fpu\libg.a(lib_a-strnlen.o)
                0x0000000000112288                strnlen
 .text.get_arg  0x00000000001122d0       0x50 c:/devkitpro/devkitarm/bin/../lib/gcc/arm-none-eabi/10.2.0/../../../../arm-none-eabi/lib/armv6k/fpu\libg.a(lib_a-svfscanf.o)
 .text.__ssvfscanf_r
                0x0000000000112320     0x2b68 c:/devkitpro/devkitarm/bin/../lib/gcc/arm-none-eabi/10.2.0/../../../../arm-none-eabi/lib/armv6k/fpu\libg.a(lib_a-svfscanf.o)
                0x0000000000112320                __ssvfscanf_r
 .text.get_arg  0x0000000000114e88      0x64c c:/devkitpro/devkitarm/bin/../lib/gcc/arm-none-eabi/10.2.0/../../../../arm-none-eabi/lib/armv6k/fpu\libg.a(lib_a-vfiprintf.o)
 .text.__sprint_r
                0x00000000001154d4       0x34 c:/devkitpro/devkitarm/bin/../lib/gcc/arm-none-eabi/10.2.0/../../../../arm-none-eabi/lib/armv6k/fpu\libg.a(lib_a-vfiprintf.o)
                0x00000000001154d4                __sprint_r
 .text._vfiprintf_r
                0x0000000000115508     0x2584 c:/devkitpro/devkitarm/bin/../lib/gcc/arm-none-eabi/10.2.0/../../../../arm-none-eabi/lib/armv6k/fpu\libg.a(lib_a-vfiprintf.o)
                0x0000000000115508                _vfiprintf_r
 .text.__sbprintf
                0x0000000000117a8c       0xd4 c:/devkitpro/devkitarm/bin/../lib/gcc/arm-none-eabi/10.2.0/../../../../arm-none-eabi/lib/armv6k/fpu\libg.a(lib_a-vfiprintf.o)
 .text.get_arg  0x0000000000117b60      0x64c c:/devkitpro/devkitarm/bin/../lib/gcc/arm-none-eabi/10.2.0/../../../../arm-none-eabi/lib/armv6k/fpu\libg.a(lib_a-vfprintf.o)
 *fill*         0x00000000001181ac        0x4 
 .text._vfprintf_r
                0x00000000001181b0     0x38d4 c:/devkitpro/devkitarm/bin/../lib/gcc/arm-none-eabi/10.2.0/../../../../arm-none-eabi/lib/armv6k/fpu\libg.a(lib_a-vfprintf.o)
                0x00000000001181b0                _vfprintf_r
 .text.__sbprintf
                0x000000000011ba84       0xd4 c:/devkitpro/devkitarm/bin/../lib/gcc/arm-none-eabi/10.2.0/../../../../arm-none-eabi/lib/armv6k/fpu\libg.a(lib_a-vfprintf.o)
 .text._wcrtomb_r
                0x000000000011bb58       0x54 c:/devkitpro/devkitarm/bin/../lib/gcc/arm-none-eabi/10.2.0/../../../../arm-none-eabi/lib/armv6k/fpu\libg.a(lib_a-wcrtomb.o)
                0x000000000011bb58                _wcrtomb_r
 .text._wcsrtombs_r
                0x000000000011bbac       0x28 c:/devkitpro/devkitarm/bin/../lib/gcc/arm-none-eabi/10.2.0/../../../../arm-none-eabi/lib/armv6k/fpu\libg.a(lib_a-wcsrtombs.o)
                0x000000000011bbac                _wcsrtombs_r
 .text.__swsetup_r
                0x000000000011bbd4      0x154 c:/devkitpro/devkitarm/bin/../lib/gcc/arm-none-eabi/10.2.0/../../../../arm-none-eabi/lib/armv6k/fpu\libg.a(lib_a-wsetup.o)
                0x000000000011bbd4                __swsetup_r
 .text.__call_exitprocs
                0x000000000011bd28      0x114 c:/devkitpro/devkitarm/bin/../lib/gcc/arm-none-eabi/10.2.0/../../../../arm-none-eabi/lib/armv6k/fpu\libg.a(lib_a-__call_atexit.o)
                0x000000000011bd28                __call_exitprocs
 .text.quorem   0x000000000011be3c      0x1a8 c:/devkitpro/devkitarm/bin/../lib/gcc/arm-none-eabi/10.2.0/../../../../arm-none-eabi/lib/armv6k/fpu\libg.a(lib_a-dtoa.o)
 *fill*         0x000000000011bfe4        0x4 
 .text._dtoa_r  0x000000000011bfe8     0x12ec c:/devkitpro/devkitarm/bin/../lib/gcc/arm-none-eabi/10.2.0/../../../../arm-none-eabi/lib/armv6k/fpu\libg.a(lib_a-dtoa.o)
                0x000000000011bfe8                _dtoa_r
 .text.__sflush_r
                0x000000000011d2d4      0x258 c:/devkitpro/devkitarm/bin/../lib/gcc/arm-none-eabi/10.2.0/../../../../arm-none-eabi/lib/armv6k/fpu\libg.a(lib_a-fflush.o)
                0x000000000011d2d4                __sflush_r
 .text._fflush_r
                0x000000000011d52c       0x94 c:/devkitpro/devkitarm/bin/../lib/gcc/arm-none-eabi/10.2.0/../../../../arm-none-eabi/lib/armv6k/fpu\libg.a(lib_a-fflush.o)
                0x000000000011d52c                _fflush_r
 .text._cleanup_r
                0x000000000011d5c0        0xc c:/devkitpro/devkitarm/bin/../lib/gcc/arm-none-eabi/10.2.0/../../../../arm-none-eabi/lib/armv6k/fpu\libg.a(lib_a-findfp.o)
                0x000000000011d5c0                _cleanup_r
 .text.__sinit  0x000000000011d5cc      0x184 c:/devkitpro/devkitarm/bin/../lib/gcc/arm-none-eabi/10.2.0/../../../../arm-none-eabi/lib/armv6k/fpu\libg.a(lib_a-findfp.o)
                0x000000000011d5cc                __sinit
 .text.__sfp_lock_acquire
                0x000000000011d750        0xc c:/devkitpro/devkitarm/bin/../lib/gcc/arm-none-eabi/10.2.0/../../../../arm-none-eabi/lib/armv6k/fpu\libg.a(lib_a-findfp.o)
                0x000000000011d750                __sfp_lock_acquire
 .text.__sfp_lock_release
                0x000000000011d75c        0xc c:/devkitpro/devkitarm/bin/../lib/gcc/arm-none-eabi/10.2.0/../../../../arm-none-eabi/lib/armv6k/fpu\libg.a(lib_a-findfp.o)
                0x000000000011d75c                __sfp_lock_release
 .text._malloc_trim_r
                0x000000000011d768       0xf8 c:/devkitpro/devkitarm/bin/../lib/gcc/arm-none-eabi/10.2.0/../../../../arm-none-eabi/lib/armv6k/fpu\libg.a(lib_a-freer.o)
                0x000000000011d768                _malloc_trim_r
 .text._free_r  0x000000000011d860      0x2e4 c:/devkitpro/devkitarm/bin/../lib/gcc/arm-none-eabi/10.2.0/../../../../arm-none-eabi/lib/armv6k/fpu\libg.a(lib_a-freer.o)
                0x000000000011d860                _free_r
 .text.__sfvwrite_r
                0x000000000011db44      0x4a4 c:/devkitpro/devkitarm/bin/../lib/gcc/arm-none-eabi/10.2.0/../../../../arm-none-eabi/lib/armv6k/fpu\libg.a(lib_a-fvwrite.o)
                0x000000000011db44                __sfvwrite_r
 .text._fwalk_reent
                0x000000000011dfe8       0x70 c:/devkitpro/devkitarm/bin/../lib/gcc/arm-none-eabi/10.2.0/../../../../arm-none-eabi/lib/armv6k/fpu\libg.a(lib_a-fwalk.o)
                0x000000000011dfe8                _fwalk_reent
 .text.iswspace
                0x000000000011e058        0x8 c:/devkitpro/devkitarm/bin/../lib/gcc/arm-none-eabi/10.2.0/../../../../arm-none-eabi/lib/armv6k/fpu\libg.a(lib_a-iswspace.o)
                0x000000000011e058                iswspace
 .text._localeconv_r
                0x000000000011e060        0xc c:/devkitpro/devkitarm/bin/../lib/gcc/arm-none-eabi/10.2.0/../../../../arm-none-eabi/lib/armv6k/fpu\libg.a(lib_a-localeconv.o)
                0x000000000011e060                _localeconv_r
 .text.__locale_mb_cur_max
                0x000000000011e06c       0x10 c:/devkitpro/devkitarm/bin/../lib/gcc/arm-none-eabi/10.2.0/../../../../arm-none-eabi/lib/armv6k/fpu\libg.a(lib_a-locale.o)
                0x000000000011e06c                __locale_mb_cur_max
 .text.__smakebuf_r
                0x000000000011e07c      0x138 c:/devkitpro/devkitarm/bin/../lib/gcc/arm-none-eabi/10.2.0/../../../../arm-none-eabi/lib/armv6k/fpu\libg.a(lib_a-makebuf.o)
                0x000000000011e07c                __smakebuf_r
 .text.__swhatbuf_r
                0x000000000011e1b4       0x94 c:/devkitpro/devkitarm/bin/../lib/gcc/arm-none-eabi/10.2.0/../../../../arm-none-eabi/lib/armv6k/fpu\libg.a(lib_a-makebuf.o)
                0x000000000011e1b4                __swhatbuf_r
 .text._mbrtowc_r
                0x000000000011e248       0x68 c:/devkitpro/devkitarm/bin/../lib/gcc/arm-none-eabi/10.2.0/../../../../arm-none-eabi/lib/armv6k/fpu\libg.a(lib_a-mbrtowc.o)
                0x000000000011e248                _mbrtowc_r
 .text.__utf8_mbtowc
                0x000000000011e2b0      0x2fc c:/devkitpro/devkitarm/bin/../lib/gcc/arm-none-eabi/10.2.0/../../../../arm-none-eabi/lib/armv6k/fpu\libg.a(lib_a-mbtowc_r.o)
                0x000000000011e2b0                __utf8_mbtowc
 .text.memmove  0x000000000011e5ac      0x154 c:/devkitpro/devkitarm/bin/../lib/gcc/arm-none-eabi/10.2.0/../../../../arm-none-eabi/lib/armv6k/fpu\libg.a(lib_a-memmove.o)
                0x000000000011e5ac                memmove
 .text._Balloc  0x000000000011e700       0x88 c:/devkitpro/devkitarm/bin/../lib/gcc/arm-none-eabi/10.2.0/../../../../arm-none-eabi/lib/armv6k/fpu\libg.a(lib_a-mprec.o)
                0x000000000011e700                _Balloc
 .text._Bfree   0x000000000011e788       0x1c c:/devkitpro/devkitarm/bin/../lib/gcc/arm-none-eabi/10.2.0/../../../../arm-none-eabi/lib/armv6k/fpu\libg.a(lib_a-mprec.o)
                0x000000000011e788                _Bfree
 .text.__multadd
                0x000000000011e7a4       0xf4 c:/devkitpro/devkitarm/bin/../lib/gcc/arm-none-eabi/10.2.0/../../../../arm-none-eabi/lib/armv6k/fpu\libg.a(lib_a-mprec.o)
                0x000000000011e7a4                __multadd
 .text.__s2b    0x000000000011e898      0x110 c:/devkitpro/devkitarm/bin/../lib/gcc/arm-none-eabi/10.2.0/../../../../arm-none-eabi/lib/armv6k/fpu\libg.a(lib_a-mprec.o)
                0x000000000011e898                __s2b
 .text.__hi0bits
                0x000000000011e9a8       0x58 c:/devkitpro/devkitarm/bin/../lib/gcc/arm-none-eabi/10.2.0/../../../../arm-none-eabi/lib/armv6k/fpu\libg.a(lib_a-mprec.o)
                0x000000000011e9a8                __hi0bits
 .text.__lo0bits
                0x000000000011ea00       0x9c c:/devkitpro/devkitarm/bin/../lib/gcc/arm-none-eabi/10.2.0/../../../../arm-none-eabi/lib/armv6k/fpu\libg.a(lib_a-mprec.o)
                0x000000000011ea00                __lo0bits
 .text.__i2b    0x000000000011ea9c       0xa4 c:/devkitpro/devkitarm/bin/../lib/gcc/arm-none-eabi/10.2.0/../../../../arm-none-eabi/lib/armv6k/fpu\libg.a(lib_a-mprec.o)
                0x000000000011ea9c                __i2b
 .text.__multiply
                0x000000000011eb40      0x204 c:/devkitpro/devkitarm/bin/../lib/gcc/arm-none-eabi/10.2.0/../../../../arm-none-eabi/lib/armv6k/fpu\libg.a(lib_a-mprec.o)
                0x000000000011eb40                __multiply
 .text.__pow5mult
                0x000000000011ed44      0x120 c:/devkitpro/devkitarm/bin/../lib/gcc/arm-none-eabi/10.2.0/../../../../arm-none-eabi/lib/armv6k/fpu\libg.a(lib_a-mprec.o)
                0x000000000011ed44                __pow5mult
 .text.__lshift
                0x000000000011ee64      0x13c c:/devkitpro/devkitarm/bin/../lib/gcc/arm-none-eabi/10.2.0/../../../../arm-none-eabi/lib/armv6k/fpu\libg.a(lib_a-mprec.o)
                0x000000000011ee64                __lshift
 .text.__mcmp   0x000000000011efa0       0x58 c:/devkitpro/devkitarm/bin/../lib/gcc/arm-none-eabi/10.2.0/../../../../arm-none-eabi/lib/armv6k/fpu\libg.a(lib_a-mprec.o)
                0x000000000011efa0                __mcmp
 .text.__mdiff  0x000000000011eff8      0x1cc c:/devkitpro/devkitarm/bin/../lib/gcc/arm-none-eabi/10.2.0/../../../../arm-none-eabi/lib/armv6k/fpu\libg.a(lib_a-mprec.o)
                0x000000000011eff8                __mdiff
 .text.__ulp    0x000000000011f1c4       0x88 c:/devkitpro/devkitarm/bin/../lib/gcc/arm-none-eabi/10.2.0/../../../../arm-none-eabi/lib/armv6k/fpu\libg.a(lib_a-mprec.o)
                0x000000000011f1c4                __ulp
 .text.__b2d    0x000000000011f24c       0xd4 c:/devkitpro/devkitarm/bin/../lib/gcc/arm-none-eabi/10.2.0/../../../../arm-none-eabi/lib/armv6k/fpu\libg.a(lib_a-mprec.o)
                0x000000000011f24c                __b2d
 .text.__d2b    0x000000000011f320      0x12c c:/devkitpro/devkitarm/bin/../lib/gcc/arm-none-eabi/10.2.0/../../../../arm-none-eabi/lib/armv6k/fpu\libg.a(lib_a-mprec.o)
                0x000000000011f320                __d2b
 .text.__ratio  0x000000000011f44c       0x78 c:/devkitpro/devkitarm/bin/../lib/gcc/arm-none-eabi/10.2.0/../../../../arm-none-eabi/lib/armv6k/fpu\libg.a(lib_a-mprec.o)
                0x000000000011f44c                __ratio
 .text.__copybits
                0x000000000011f4c4       0x88 c:/devkitpro/devkitarm/bin/../lib/gcc/arm-none-eabi/10.2.0/../../../../arm-none-eabi/lib/armv6k/fpu\libg.a(lib_a-mprec.o)
                0x000000000011f4c4                __copybits
 .text.__any_on
                0x000000000011f54c       0x5c c:/devkitpro/devkitarm/bin/../lib/gcc/arm-none-eabi/10.2.0/../../../../arm-none-eabi/lib/armv6k/fpu\libg.a(lib_a-mprec.o)
                0x000000000011f54c                __any_on
 .text.realloc  0x000000000011f5a8       0x28 c:/devkitpro/devkitarm/bin/../lib/gcc/arm-none-eabi/10.2.0/../../../../arm-none-eabi/lib/armv6k/fpu\libg.a(lib_a-realloc.o)
                0x000000000011f5a8                realloc
 .text._realloc_r
                0x000000000011f5d0      0x598 c:/devkitpro/devkitarm/bin/../lib/gcc/arm-none-eabi/10.2.0/../../../../arm-none-eabi/lib/armv6k/fpu\libg.a(lib_a-reallocr.o)
                0x000000000011f5d0                _realloc_r
 .text.__sccl   0x000000000011fb68       0xe4 c:/devkitpro/devkitarm/bin/../lib/gcc/arm-none-eabi/10.2.0/../../../../arm-none-eabi/lib/armv6k/fpu\libg.a(lib_a-sccl.o)
                0x000000000011fb68                __sccl
 .text.nanf     0x000000000011fc4c        0xc c:/devkitpro/devkitarm/bin/../lib/gcc/arm-none-eabi/10.2.0/../../../../arm-none-eabi/lib/armv6k/fpu\libg.a(lib_a-sf_nan.o)
                0x000000000011fc4c                nanf
 .text.frexp    0x000000000011fc58       0xa8 c:/devkitpro/devkitarm/bin/../lib/gcc/arm-none-eabi/10.2.0/../../../../arm-none-eabi/lib/armv6k/fpu\libg.a(lib_a-s_frexp.o)
                0x000000000011fc58                frexp
 .text.sprintf  0x000000000011fd00       0x64 c:/devkitpro/devkitarm/bin/../lib/gcc/arm-none-eabi/10.2.0/../../../../arm-none-eabi/lib/armv6k/fpu\libg.a(lib_a-sprintf.o)
                0x000000000011fd00                sprintf
 .text.stpncpy  0x000000000011fd64       0xb8 c:/devkitpro/devkitarm/bin/../lib/gcc/arm-none-eabi/10.2.0/../../../../arm-none-eabi/lib/armv6k/fpu\libg.a(lib_a-stpncpy.o)
                0x000000000011fd64                stpncpy
 .text.strchr   0x000000000011fe1c      0x144 c:/devkitpro/devkitarm/bin/../lib/gcc/arm-none-eabi/10.2.0/../../../../arm-none-eabi/lib/armv6k/fpu\libg.a(lib_a-strchr.o)
                0x000000000011fe1c                strchr
 .text._strtod_l
                0x000000000011ff60     0x130c c:/devkitpro/devkitarm/bin/../lib/gcc/arm-none-eabi/10.2.0/../../../../arm-none-eabi/lib/armv6k/fpu\libg.a(lib_a-strtod.o)
                0x000000000011ff60                _strtod_l
 .text._strtod_r
                0x000000000012126c        0xc c:/devkitpro/devkitarm/bin/../lib/gcc/arm-none-eabi/10.2.0/../../../../arm-none-eabi/lib/armv6k/fpu\libg.a(lib_a-strtod.o)
                0x000000000012126c                _strtod_r
 .text._strtoll_l.constprop.0
                0x0000000000121278      0x22c c:/devkitpro/devkitarm/bin/../lib/gcc/arm-none-eabi/10.2.0/../../../../arm-none-eabi/lib/armv6k/fpu\libg.a(lib_a-strtoll.o)
 .text._strtoll_r
                0x00000000001214a4        0x4 c:/devkitpro/devkitarm/bin/../lib/gcc/arm-none-eabi/10.2.0/../../../../arm-none-eabi/lib/armv6k/fpu\libg.a(lib_a-strtoll.o)
                0x00000000001214a4                _strtoll_r
 .text._strtol_l.part.0
                0x00000000001214a8      0x1b0 c:/devkitpro/devkitarm/bin/../lib/gcc/arm-none-eabi/10.2.0/../../../../arm-none-eabi/lib/armv6k/fpu\libg.a(lib_a-strtol.o)
 .text._strtol_r
                0x0000000000121658       0x3c c:/devkitpro/devkitarm/bin/../lib/gcc/arm-none-eabi/10.2.0/../../../../arm-none-eabi/lib/armv6k/fpu\libg.a(lib_a-strtol.o)
                0x0000000000121658                _strtol_r
 .text._strtoull_l.constprop.0
                0x0000000000121694      0x244 c:/devkitpro/devkitarm/bin/../lib/gcc/arm-none-eabi/10.2.0/../../../../arm-none-eabi/lib/armv6k/fpu\libg.a(lib_a-strtoull.o)
 .text._strtoull_r
                0x00000000001218d8        0x4 c:/devkitpro/devkitarm/bin/../lib/gcc/arm-none-eabi/10.2.0/../../../../arm-none-eabi/lib/armv6k/fpu\libg.a(lib_a-strtoull.o)
                0x00000000001218d8                _strtoull_r
 .text._strtoul_l.constprop.0
                0x00000000001218dc      0x1c8 c:/devkitpro/devkitarm/bin/../lib/gcc/arm-none-eabi/10.2.0/../../../../arm-none-eabi/lib/armv6k/fpu\libg.a(lib_a-strtoul.o)
 .text._strtoul_r
                0x0000000000121aa4        0x4 c:/devkitpro/devkitarm/bin/../lib/gcc/arm-none-eabi/10.2.0/../../../../arm-none-eabi/lib/armv6k/fpu\libg.a(lib_a-strtoul.o)
                0x0000000000121aa4                _strtoul_r
 .text.__ssprint_r
                0x0000000000121aa8      0x188 c:/devkitpro/devkitarm/bin/../lib/gcc/arm-none-eabi/10.2.0/../../../../arm-none-eabi/lib/armv6k/fpu\libg.a(lib_a-svfiprintf.o)
                0x0000000000121aa8                __ssprint_r
 .text._sungetc_r
                0x0000000000121c30       0xe0 c:/devkitpro/devkitarm/bin/../lib/gcc/arm-none-eabi/10.2.0/../../../../arm-none-eabi/lib/armv6k/fpu\libg.a(lib_a-svfiscanf.o)
                0x0000000000121c30                _sungetc_r
 .text.__ssrefill_r
                0x0000000000121d10       0x6c c:/devkitpro/devkitarm/bin/../lib/gcc/arm-none-eabi/10.2.0/../../../../arm-none-eabi/lib/armv6k/fpu\libg.a(lib_a-svfiscanf.o)
                0x0000000000121d10                __ssrefill_r
 .text._sfread_r
                0x0000000000121d7c       0xc8 c:/devkitpro/devkitarm/bin/../lib/gcc/arm-none-eabi/10.2.0/../../../../arm-none-eabi/lib/armv6k/fpu\libg.a(lib_a-svfiscanf.o)
                0x0000000000121d7c                _sfread_r
 .text.get_arg  0x0000000000121e44      0x64c c:/devkitpro/devkitarm/bin/../lib/gcc/arm-none-eabi/10.2.0/../../../../arm-none-eabi/lib/armv6k/fpu\libg.a(lib_a-svfprintf.o)
 .text._svfprintf_r
                0x0000000000122490     0x3808 c:/devkitpro/devkitarm/bin/../lib/gcc/arm-none-eabi/10.2.0/../../../../arm-none-eabi/lib/armv6k/fpu\libg.a(lib_a-svfprintf.o)
                0x0000000000122490                _svfprintf_r
 .text.__submore
                0x0000000000125c98       0xa8 c:/devkitpro/devkitarm/bin/../lib/gcc/arm-none-eabi/10.2.0/../../../../arm-none-eabi/lib/armv6k/fpu\libg.a(lib_a-ungetc.o)
                0x0000000000125c98                __submore
 .text._wcsnrtombs_l
                0x0000000000125d40      0x190 c:/devkitpro/devkitarm/bin/../lib/gcc/arm-none-eabi/10.2.0/../../../../arm-none-eabi/lib/armv6k/fpu\libg.a(lib_a-wcsnrtombs.o)
                0x0000000000125d40                _wcsnrtombs_l
 .text._wcsnrtombs_r
                0x0000000000125ed0       0x4c c:/devkitpro/devkitarm/bin/../lib/gcc/arm-none-eabi/10.2.0/../../../../arm-none-eabi/lib/armv6k/fpu\libg.a(lib_a-wcsnrtombs.o)
                0x0000000000125ed0                _wcsnrtombs_r
 .text.__utf8_wctomb
                0x0000000000125f1c       0xf0 c:/devkitpro/devkitarm/bin/../lib/gcc/arm-none-eabi/10.2.0/../../../../arm-none-eabi/lib/armv6k/fpu\libg.a(lib_a-wctomb_r.o)
                0x0000000000125f1c                __utf8_wctomb
 .text.__assert_func
                0x000000000012600c       0x5c c:/devkitpro/devkitarm/bin/../lib/gcc/arm-none-eabi/10.2.0/../../../../arm-none-eabi/lib/armv6k/fpu\libg.a(lib_a-assert.o)
                0x000000000012600c                __assert_func
 .text._fclose_r
                0x0000000000126068      0x160 c:/devkitpro/devkitarm/bin/../lib/gcc/arm-none-eabi/10.2.0/../../../../arm-none-eabi/lib/armv6k/fpu\libg.a(lib_a-fclose.o)
                0x0000000000126068                _fclose_r
 .text.fiprintf
                0x00000000001261c8       0x3c c:/devkitpro/devkitarm/bin/../lib/gcc/arm-none-eabi/10.2.0/../../../../arm-none-eabi/lib/armv6k/fpu\libg.a(lib_a-fiprintf.o)
                0x00000000001261c8                fiprintf
 .text.rshift   0x0000000000126204       0xec c:/devkitpro/devkitarm/bin/../lib/gcc/arm-none-eabi/10.2.0/../../../../arm-none-eabi/lib/armv6k/fpu\libg.a(lib_a-gdtoa-gethex.o)
 .text.__gethex
                0x00000000001262f0      0x928 c:/devkitpro/devkitarm/bin/../lib/gcc/arm-none-eabi/10.2.0/../../../../arm-none-eabi/lib/armv6k/fpu\libg.a(lib_a-gdtoa-gethex.o)
                0x00000000001262f0                __gethex
 .text.__match  0x0000000000126c18       0x4c c:/devkitpro/devkitarm/bin/../lib/gcc/arm-none-eabi/10.2.0/../../../../arm-none-eabi/lib/armv6k/fpu\libg.a(lib_a-gdtoa-hexnan.o)
                0x0000000000126c18                __match
 .text.__hexnan
                0x0000000000126c64      0x29c c:/devkitpro/devkitarm/bin/../lib/gcc/arm-none-eabi/10.2.0/../../../../arm-none-eabi/lib/armv6k/fpu\libg.a(lib_a-gdtoa-hexnan.o)
                0x0000000000126c64                __hexnan
 .text.iswspace_l
                0x0000000000126f00       0x3c c:/devkitpro/devkitarm/bin/../lib/gcc/arm-none-eabi/10.2.0/../../../../arm-none-eabi/lib/armv6k/fpu\libg.a(lib_a-iswspace_l.o)
                0x0000000000126f00                iswspace_l
 .text.__jp2uc  0x0000000000126f3c      0x1d4 c:/devkitpro/devkitarm/bin/../lib/gcc/arm-none-eabi/10.2.0/../../../../arm-none-eabi/lib/armv6k/fpu\libg.a(lib_a-jp2uc.o)
 .text._jp2uc_l
                0x0000000000127110       0x9c c:/devkitpro/devkitarm/bin/../lib/gcc/arm-none-eabi/10.2.0/../../../../arm-none-eabi/lib/armv6k/fpu\libg.a(lib_a-jp2uc.o)
                0x0000000000127110                _jp2uc_l
 *fill*         0x00000000001271ac        0x4 
 .text.nan      0x00000000001271b0       0x10 c:/devkitpro/devkitarm/bin/../lib/gcc/arm-none-eabi/10.2.0/../../../../arm-none-eabi/lib/armv6k/fpu\libg.a(lib_a-s_nan.o)
                0x00000000001271b0                nan
 .text.abort    0x00000000001271c0       0x14 c:/devkitpro/devkitarm/bin/../lib/gcc/arm-none-eabi/10.2.0/../../../../arm-none-eabi/lib/armv6k/fpu\libg.a(lib_a-abort.o)
                0x00000000001271c0                abort
 .text.category
                0x00000000001271d4       0x84 c:/devkitpro/devkitarm/bin/../lib/gcc/arm-none-eabi/10.2.0/../../../../arm-none-eabi/lib/armv6k/fpu\libg.a(lib_a-categories.o)
                0x00000000001271d4                category
 .text._raise_r
                0x0000000000127258       0x98 c:/devkitpro/devkitarm/bin/../lib/gcc/arm-none-eabi/10.2.0/../../../../arm-none-eabi/lib/armv6k/fpu\libg.a(lib_a-signal.o)
                0x0000000000127258                _raise_r